 PhysXCooking_64

 Timestamp is 64244943 (Wed Mar 29 16:20:51 2023)

 Preferred load address is 0000000180000000

 Start         Length     Name                   Class
 0001:00000000 00000060H .text$di                CODE
 0001:00000060 00022610H .text$mn                CODE
 0001:00022670 00000040H .text$mn$00             CODE
 0001:000226b0 00000680H .text$x                 CODE
 0002:00000000 00000280H .idata$5                DATA
 0002:00000280 00000038H .00cfg                  DATA
 0002:000002b8 00000008H .CRT$XCA                DATA
 0002:000002c0 00000030H .CRT$XCU                DATA
 0002:000002f0 00000008H .CRT$XCZ                DATA
 0002:000002f8 00000008H .CRT$XIA                DATA
 0002:00000300 00000018H .CRT$XIC                DATA
 0002:00000318 00000008H .CRT$XIZ                DATA
 0002:00000320 00000008H .CRT$XPA                DATA
 0002:00000328 00000010H .CRT$XPX                DATA
 0002:00000338 00000008H .CRT$XPXA               DATA
 0002:00000340 00000008H .CRT$XPZ                DATA
 0002:00000348 00000008H .CRT$XTA                DATA
 0002:00000350 00000010H .CRT$XTZ                DATA
 0002:00000358 00000000H .gehcont$y              DATA
 0002:00000358 00000000H .gfids$y                DATA
 0002:00000360 00009520H .rdata                  DATA
 0002:00009880 00000000H .rdata$CastGuardVftablesA DATA
 0002:00009880 00000000H .rdata$CastGuardVftablesC DATA
 0002:00009880 0000043cH .rdata$r                DATA
 0002:00009cbc 0000016cH .rdata$voltmd           DATA
 0002:00009e28 00000428H .rdata$zzzdbg           DATA
 0002:0000a250 00000008H .rtc$IAA                DATA
 0002:0000a258 00000008H .rtc$IZZ                DATA
 0002:0000a260 00000008H .rtc$TAA                DATA
 0002:0000a268 00000008H .rtc$TZZ                DATA
 0002:0000a270 00001758H .xdata                  DATA
 0002:0000b9c8 00000084H .xdata$x                DATA
 0002:0000ba4c 00000040H .didat$2                DATA
 0002:0000ba8c 00000024H .didat$3                DATA
 0002:0000bab0 000000f0H .didat$4                DATA
 0002:0000bba0 000002c8H .didat$6                DATA
 0002:0000be68 000000f8H .didat$7                DATA
 0002:0000bf60 00000e04H .edata                  DATA
 0002:0000cd64 00000014H .idata$2                DATA
 0002:0000cd78 00000018H .idata$3                DATA
 0002:0000cd90 00000280H .idata$4                DATA
 0002:0000d010 000005baH .idata$6                DATA
 0003:00000000 00000a20H .data                   DATA
 0003:00000a20 00000108H .data$r                 DATA
 0003:00000b28 000000f0H .data$rs                DATA
 0003:00000c18 000000f8H .didat$5                DATA
 0003:00000d10 00001250H .bss                    DATA
 0004:00000000 000019ecH .pdata                  DATA
 0005:00000000 0000236cH _RDATA                  DATA
 0006:00000000 000000a0H .rsrc$01                DATA
 0006:000000a0 000004b0H .rsrc$02                DATA

  Address         Publics by Value              Rva+Base               Lib:Object

 0000:00000000       __AbsoluteZero             0000000000000000     <absolute>
 0000:00000000       ___safe_se_handler_count   0000000000000000     <absolute>
 0000:00000000       ___safe_se_handler_table   0000000000000000     <absolute>
 0000:00000000       __arm64x_extra_rfe_table   0000000000000000     <absolute>
 0000:00000000       __arm64x_extra_rfe_table_size 0000000000000000     <absolute>
 0000:00000000       __arm64x_native_entrypoint 0000000000000000     <absolute>
 0000:00000000       __arm64x_redirection_metadata 0000000000000000     <absolute>
 0000:00000000       __arm64x_redirection_metadata_count 0000000000000000     <absolute>
 0000:00000000       __dynamic_value_reloc_table 0000000000000000     <absolute>
 0000:00000000       __enclave_config           0000000000000000     <absolute>
 0000:00000000       __guard_check_icall_a64n_fptr 0000000000000000     <absolute>
 0000:00000000       __guard_eh_cont_count      0000000000000000     <absolute>
 0000:00000000       __guard_eh_cont_table      0000000000000000     <absolute>
 0000:00000000       __guard_fids_count         0000000000000000     <absolute>
 0000:00000000       __guard_fids_table         0000000000000000     <absolute>
 0000:00000000       __guard_iat_count          0000000000000000     <absolute>
 0000:00000000       __guard_iat_table          0000000000000000     <absolute>
 0000:00000000       __guard_longjmp_count      0000000000000000     <absolute>
 0000:00000000       __guard_longjmp_table      0000000000000000     <absolute>
 0000:00000000       __hybrid_auxiliary_iat     0000000000000000     <absolute>
 0000:00000000       __hybrid_auxiliary_iat_copy 0000000000000000     <absolute>
 0000:00000000       __hybrid_code_map          0000000000000000     <absolute>
 0000:00000000       __hybrid_code_map_count    0000000000000000     <absolute>
 0000:00000000       __x64_code_ranges_to_entry_points 0000000000000000     <absolute>
 0000:00000000       __x64_code_ranges_to_entry_points_count 0000000000000000     <absolute>
 0000:00000100       __guard_flags              0000000000000100     <absolute>
 0000:00000000       __ImageBase                0000000180000000     <linker-defined>
 0001:00000060       ??$copy@V?$PxReflectionAllocator@USlab@NodeAllocator@Gu@physx@@@physx@@@?$PxArray@USlab@NodeAllocator@Gu@physx@@V?$PxReflectionAllocator@USlab@NodeAllocator@Gu@physx@@@4@@physx@@IEAAXAEBV01@@Z 0000000180001060 f i Cooking.obj
 0001:000000e0       ??0AABBTreeBounds@Gu@physx@@QEAA@XZ 00000001800010e0 f i Cooking.obj
 0001:000000f0       ??0AABBTreeBuildNode@Gu@physx@@QEAA@AEBV012@@Z 00000001800010f0 f i Cooking.obj
 0001:000000f0       ??4AABBTreeBuildNode@Gu@physx@@QEAAAEAV012@AEBV012@@Z 00000001800010f0 f i Cooking.obj
 0001:00000130       ??$forward@_K@std@@YA$$QEA_KAEA_K@Z 0000000180001130 f i libvcruntime:undname.obj
 0001:00000130       ??0AABBTreeBuildNode@Gu@physx@@QEAA@XZ 0000000180001130 f i Cooking.obj
 0001:00000130       ??4PxFoundation@physx@@QEAAAEAV01@AEBV01@@Z 0000000180001130 f i Cooking.obj
 0001:00000130       ?getAABB@AABBTreeBuildNode@Gu@physx@@QEBAAEBVPxBounds3@3@XZ 0000000180001130 f i Cooking.obj
 0001:00000140       ??0AABBTreeBuildParams@Gu@physx@@QEAA@IIPEBVAABBTreeBounds@12@W4BVHBuildStrategy@12@@Z 0000000180001140 f i Cooking.obj
 0001:00000160       ??0NodeAllocator@Gu@physx@@QEAA@AEBV012@@Z 0000000180001160 f i Cooking.obj
 0001:000001a0       ??0PxFoundation@physx@@QEAA@AEBV01@@Z 00000001800011a0 f i Cooking.obj
 0001:000001a0       ??0PxFoundation@physx@@QEAA@XZ 00000001800011a0 f i Cooking.obj
 0001:000001b0       ??0PxRenderOutput@physx@@QEAA@AEAVPxRenderBuffer@1@@Z 00000001800011b0 f i Cooking.obj
 0001:00000200       ??0PxRenderOutput@physx@@QEAA@AEBV01@@Z 0000000180001200 f i Cooking.obj
 0001:000002a0       ??1AABBTreeBounds@Gu@physx@@QEAA@XZ 00000001800012a0 f i Cooking.obj
 0001:000002b0       ??1AABBTreeBuildNode@Gu@physx@@QEAA@XZ 00000001800012b0 f i Cooking.obj
 0001:000002b0       _guard_check_icall_nop     00000001800012b0 f i LIBCMT:guard_support.obj
 0001:000002c0       ??1AABBTreeBuildParams@Gu@physx@@QEAA@XZ 00000001800012c0 f i Cooking.obj
 0001:000002c0       ?reset@AABBTreeBuildParams@Gu@physx@@QEAAXXZ 00000001800012c0 f i Cooking.obj
 0001:00000310       ??1PxFoundation@physx@@MEAA@XZ 0000000180001310 f i Cooking.obj
 0001:00000320       ??4AABBTreeBounds@Gu@physx@@QEAAAEAV012@AEBV012@@Z 0000000180001320 f i Cooking.obj
 0001:00000330       ??4AABBTreeBuildParams@Gu@physx@@QEAAAEAV012@AEBV012@@Z 0000000180001330 f i Cooking.obj
 0001:00000350       ??4NodeAllocator@Gu@physx@@QEAAAEAV012@AEBV012@@Z 0000000180001350 f i Cooking.obj
 0001:00000400       ??6PxRenderOutput@physx@@QEAAAEAV01@AEBV?$PxMat44T@M@1@@Z 0000000180001400 f i Cooking.obj
 0001:00000470       ??6PxRenderOutput@physx@@QEAAAEAV01@AEBV?$PxTransformT@M@1@@Z 0000000180001470 f i Cooking.obj
 0001:000005f0       ??6PxRenderOutput@physx@@QEAAAEAV01@AEBV?$PxVec3T@M@1@@Z 00000001800015f0 f i Cooking.obj
 0001:000008e0       ??6PxRenderOutput@physx@@QEAAAEAV01@I@Z 00000001800018e0 f i Cooking.obj
 0001:000008f0       ??6PxRenderOutput@physx@@QEAAAEAV01@W4Primitive@01@@Z 00000001800018f0 f i Cooking.obj
 0001:00000900       ??_EPxFoundation@physx@@MEAAPEAXI@Z 0000000180001900 f i Cooking.obj
 0001:00000990       ??_FAABBTreeBuildParams@Gu@physx@@QEAAXXZ 0000000180001990 f i Cooking.obj
 0001:000009b0       ??_ECooking@physx@@UEAAPEAXI@Z 00000001800019b0 f i Cooking.obj
 0001:000009b0       ??_GCooking@physx@@UEAAPEAXI@Z 00000001800019b0 f i Cooking.obj
 0001:00000a00       ??_EPxCooking@physx@@MEAAPEAXI@Z 0000000180001a00 f i Cooking.obj
 0001:00000a00       ??_GPxCooking@physx@@MEAAPEAXI@Z 0000000180001a00 f i Cooking.obj
 0001:00000a30       ?allocate@?$PxArray@USlab@NodeAllocator@Gu@physx@@V?$PxReflectionAllocator@USlab@NodeAllocator@Gu@physx@@@4@@physx@@IEAAPEAUSlab@NodeAllocator@Gu@2@I@Z 0000000180001a30 f i Cooking.obj
 0001:00000ae0       ?assembleSoftBodyMesh@Cooking@physx@@UEBAPEAVPxSoftBodyMesh@2@AEAVPxSimulationTetrahedronMeshData@2@AEAVPxCollisionTetrahedronMeshData@2@AEAVPxCollisionMeshMappingData@2@AEAVPxInsertionCallback@2@@Z 0000000180001ae0 f   Cooking.obj
 0001:00000b00       ?assembleSoftBodyMesh@Cooking@physx@@UEBAPEAVPxSoftBodyMesh@2@AEAVPxTetrahedronMeshData@2@AEAVPxSoftBodySimulationData@2@0AEAVPxSoftBodyCollisionData@2@AEAVPxCollisionMeshMappingData@2@AEAVPxInsertionCallback@2@@Z 0000000180001b00 f   Cooking.obj
 0001:00000b40       ?computeCollisionData@Cooking@physx@@UEBAPEAVPxCollisionTetrahedronMeshData@2@AEBVPxTetrahedronMeshDesc@2@@Z 0000000180001b40 f   Cooking.obj
 0001:00000b50       ?computeHullPolygons@Cooking@physx@@UEBA_NAEBVPxSimpleTriangleMesh@2@AEAVPxAllocatorCallback@2@AEAIAEAPEAV?$PxVec3T@M@2@2AEAPEAI2AEAPEAUPxHullPolygon@2@@Z 0000000180001b50 f   Cooking.obj
 0001:00000b60       ?computeModelsMapping@Cooking@physx@@UEBAPEAVPxCollisionMeshMappingData@2@AEAVPxTetrahedronMeshData@2@AEBV42@AEBVPxSoftBodyCollisionData@2@PEBUPxBoundedData@2@@Z 0000000180001b60 f   Cooking.obj
 0001:00000b70       ?computeSimulationData@Cooking@physx@@UEBAPEAVPxSimulationTetrahedronMeshData@2@AEBVPxTetrahedronMeshDesc@2@@Z 0000000180001b70 f   Cooking.obj
 0001:00000b80       ?cookBVH@Cooking@physx@@UEBA_NAEBVPxBVHDesc@2@AEAVPxOutputStream@2@@Z 0000000180001b80 f   Cooking.obj
 0001:00000b90       ?cookConvexMesh@Cooking@physx@@UEBA_NAEBVPxConvexMeshDesc@2@AEAVPxOutputStream@2@PEAW4Enum@PxConvexMeshCookingResult@2@@Z 0000000180001b90 f   Cooking.obj
 0001:00000ba0       ?cookHeightField@Cooking@physx@@UEBA_NAEBVPxHeightFieldDesc@2@AEAVPxOutputStream@2@@Z 0000000180001ba0 f   Cooking.obj
 0001:00000bb0       ?cookSoftBodyMesh@Cooking@physx@@UEBA_NAEBVPxTetrahedronMeshDesc@2@0AEBVPxSoftBodySimulationDataDesc@2@AEAVPxOutputStream@2@@Z 0000000180001bb0 f   Cooking.obj
 0001:00000bc0       ?cookTetrahedronMesh@Cooking@physx@@UEBA_NAEBVPxTetrahedronMeshDesc@2@AEAVPxOutputStream@2@@Z 0000000180001bc0 f   Cooking.obj
 0001:00000bd0       ?cookTriangleMesh@Cooking@physx@@UEBA_NAEBVPxTriangleMeshDesc@2@AEAVPxOutputStream@2@PEAW4Enum@PxTriangleMeshCookingResult@2@@Z 0000000180001bd0 f   Cooking.obj
 0001:00000be0       ?createBVH@Cooking@physx@@UEBAPEAVPxBVH@2@AEBVPxBVHDesc@2@AEAVPxInsertionCallback@2@@Z 0000000180001be0 f   Cooking.obj
 0001:00000bf0       ?createConvexMesh@Cooking@physx@@UEBAPEAVPxConvexMesh@2@AEBVPxConvexMeshDesc@2@AEAVPxInsertionCallback@2@PEAW4Enum@PxConvexMeshCookingResult@2@@Z 0000000180001bf0 f   Cooking.obj
 0001:00000c00       ?createHeightField@Cooking@physx@@UEBAPEAVPxHeightField@2@AEBVPxHeightFieldDesc@2@AEAVPxInsertionCallback@2@@Z 0000000180001c00 f   Cooking.obj
 0001:00000c10       ?createSoftBodyMesh@Cooking@physx@@UEBAPEAVPxSoftBodyMesh@2@AEBVPxTetrahedronMeshDesc@2@0AEBVPxSoftBodySimulationDataDesc@2@AEAVPxInsertionCallback@2@@Z 0000000180001c10 f   Cooking.obj
 0001:00000c20       ?createTetrahedronMesh@Cooking@physx@@UEBAPEAVPxTetrahedronMesh@2@AEBVPxTetrahedronMeshDesc@2@AEAVPxInsertionCallback@2@@Z 0000000180001c20 f   Cooking.obj
 0001:00000c30       ?createTriangleMesh@Cooking@physx@@UEBAPEAVPxTriangleMesh@2@AEBVPxTriangleMeshDesc@2@AEAVPxInsertionCallback@2@PEAW4Enum@PxTriangleMeshCookingResult@2@@Z 0000000180001c30 f   Cooking.obj
 0001:00000c40       ?getBounds@AABBTreeBounds@Gu@physx@@QEAAPEAVPxBounds3@3@XZ 0000000180001c40 f i Cooking.obj
 0001:00000c40       ?getBounds@AABBTreeBounds@Gu@physx@@QEBAPEBVPxBounds3@3@XZ 0000000180001c40 f i Cooking.obj
 0001:00000c50       ?getNbPrimitives@AABBTreeBuildNode@Gu@physx@@QEBAIXZ 0000000180001c50 f i Cooking.obj
 0001:00000c50       ?getNbRuntimePrimitives@AABBTreeBuildNode@Gu@physx@@QEBAIXZ 0000000180001c50 f i Cooking.obj
 0001:00000c60       ?getNeg@AABBTreeBuildNode@Gu@physx@@QEBAPEBV123@XZ 0000000180001c60 f i Cooking.obj
 0001:00000c80       ?getParams@Cooking@physx@@UEBAAEBUPxCookingParams@2@XZ 0000000180001c80 f   Cooking.obj
 0001:00000c90       ?getPos@AABBTreeBuildNode@Gu@physx@@QEBAPEBV123@XZ 0000000180001c90 f i Cooking.obj
 0001:00000ca0       ?getPrimitives@AABBTreeBuildNode@Gu@physx@@QEAAPEAIPEAI@Z 0000000180001ca0 f i Cooking.obj
 0001:00000ca0       ?getPrimitives@AABBTreeBuildNode@Gu@physx@@QEBAPEBIPEBI@Z 0000000180001ca0 f i Cooking.obj
 0001:00000cb0       ?getStandaloneInsertionCallback@Cooking@physx@@UEAAAEAVPxInsertionCallback@2@XZ 0000000180001cb0 f   Cooking.obj
 0001:00000cb0       PxGetStandaloneInsertionCallback 0000000180001cb0 f   Cooking.obj
 0001:00000cc0       ?isLeaf@AABBTreeBuildNode@Gu@physx@@QEBA_NXZ 0000000180001cc0 f i Cooking.obj
 0001:00000cd0       ?moveFrom@AABBTreeBounds@Gu@physx@@QEAAXAEAV123@@Z 0000000180001cd0 f i Cooking.obj
 0001:00000ce0       ?outputCapsule@PxRenderOutput@physx@@QEAAAEAV12@MMAEBV?$PxMat44T@M@2@@Z 0000000180001ce0 f i Cooking.obj
 0001:00001820       ?outputSegment@PxRenderOutput@physx@@QEAAXAEBV?$PxVec3T@M@2@0@Z 0000000180002820 f i Cooking.obj
 0001:00001890       ?ownsMemory@AABBTreeBounds@Gu@physx@@QEBA_NXZ 0000000180002890 f i Cooking.obj
 0001:000018a0       ?platformMismatch@Cooking@physx@@UEBA_NXZ 00000001800028a0 f   Cooking.obj
 0001:000018b0       ?recreate@?$PxArray@USlab@NodeAllocator@Gu@physx@@V?$PxReflectionAllocator@USlab@NodeAllocator@Gu@physx@@@4@@physx@@IEAAXI@Z 00000001800028b0 f i Cooking.obj
 0001:00001960       ?release@Cooking@physx@@UEAAXXZ 0000000180002960 f   Cooking.obj
 0001:00001980       ?reservePoints@PxRenderOutput@physx@@QEAAPEAUPxDebugPoint@2@I@Z 0000000180002980 f i Cooking.obj
 0001:00001990       ?reserveSegments@PxRenderOutput@physx@@QEAAPEAUPxDebugLine@2@I@Z 0000000180002990 f i Cooking.obj
 0001:000019a0       ?setBounds@AABBTreeBounds@Gu@physx@@QEAAXPEAVPxBounds3@3@@Z 00000001800029a0 f i Cooking.obj
 0001:000019b0       ?setNbRunTimePrimitives@AABBTreeBuildNode@Gu@physx@@QEAAXI@Z 00000001800029b0 f i Cooking.obj
 0001:000019c0       ?setParams@Cooking@physx@@UEAAXAEBUPxCookingParams@2@@Z 00000001800029c0 f   Cooking.obj
 0001:00001a20       ?takeOwnership@AABBTreeBounds@Gu@physx@@QEAAXXZ 0000000180002a20 f i Cooking.obj
 0001:00001a30       ?validateConvexMesh@Cooking@physx@@UEBA_NAEBVPxConvexMeshDesc@2@@Z 0000000180002a30 f   Cooking.obj
 0001:00001a40       ?validateTriangleMesh@Cooking@physx@@UEBA_NAEBVPxTriangleMeshDesc@2@@Z 0000000180002a40 f   Cooking.obj
 0001:00001a50       PxAssembleSoftBodyMesh     0000000180002a50 f   Cooking.obj
 0001:00001a60       PxAssembleSoftBodyMesh_Sim 0000000180002a60 f   Cooking.obj
 0001:00001a70       PxComputeCollisionData     0000000180002a70 f   Cooking.obj
 0001:00001a80       PxComputeHullPolygons      0000000180002a80 f   Cooking.obj
 0001:00001a90       PxComputeModelsMapping     0000000180002a90 f   Cooking.obj
 0001:00001aa0       PxComputeSimulationData    0000000180002aa0 f   Cooking.obj
 0001:00001ab0       PxCookBVH                  0000000180002ab0 f   Cooking.obj
 0001:00001ac0       PxCookConvexMesh           0000000180002ac0 f   Cooking.obj
 0001:00001ad0       PxCookHeightField          0000000180002ad0 f   Cooking.obj
 0001:00001ae0       PxCookSoftBodyMesh         0000000180002ae0 f   Cooking.obj
 0001:00001af0       PxCookTetrahedronMesh      0000000180002af0 f   Cooking.obj
 0001:00001b00       PxCookTriangleMesh         0000000180002b00 f   Cooking.obj
 0001:00001b10       PxCreateBVH                0000000180002b10 f   Cooking.obj
 0001:00001b20       PxCreateBVHInternal        0000000180002b20 f   Cooking.obj
 0001:00001be0       PxCreateConvexMesh         0000000180002be0 f   Cooking.obj
 0001:00001bf0       PxCreateCooking            0000000180002bf0 f   Cooking.obj
 0001:00001ce0       PxCreateHeightField        0000000180002ce0 f   Cooking.obj
 0001:00001cf0       PxCreateSoftBodyMesh       0000000180002cf0 f   Cooking.obj
 0001:00001d00       PxCreateTetrahedronMesh    0000000180002d00 f   Cooking.obj
 0001:00001d10       PxCreateTriangleMesh       0000000180002d10 f   Cooking.obj
 0001:00001d20       PxCreateTriangleMeshInternal 0000000180002d20 f   Cooking.obj
 0001:00001dd0       PxValidateConvexMesh       0000000180002dd0 f   Cooking.obj
 0001:00001de0       PxValidateTriangleMesh     0000000180002de0 f   Cooking.obj
 0001:00001df0       ?cookingDelayHook@@YAP6A_JXZIPEAUDelayLoadInfo@@@Z 0000000180002df0 f   WindowsCookingDelayLoadHook.obj
 0001:00001ed0       PxSetPhysXCookingDelayLoadHook 0000000180002ed0 f   WindowsCookingDelayLoadHook.obj
 0001:00001ed8       __imp_load_getInsertionCallback 0000000180002ed8 f   PhysXCommon_64:PhysXCommon_64.dll
 0001:00001ee4       getInsertionCallback       0000000180002ee4 f   PhysXCommon_64:PhysXCommon_64.dll
 0001:00001eea       __tailMerge_physxcommon_64_dll 0000000180002eea     PhysXCommon_64:PhysXCommon_64.dll
 0001:00001f63       __imp_load_cookBVH         0000000180002f63 f   PhysXCommon_64:PhysXCommon_64.dll
 0001:00001f6f       cookBVH                    0000000180002f6f f   PhysXCommon_64:PhysXCommon_64.dll
 0001:00001f75       __imp_load_createBVH       0000000180002f75 f   PhysXCommon_64:PhysXCommon_64.dll
 0001:00001f81       createBVH                  0000000180002f81 f   PhysXCommon_64:PhysXCommon_64.dll
 0001:00001f87       __imp_load_cookHeightField 0000000180002f87 f   PhysXCommon_64:PhysXCommon_64.dll
 0001:00001f93       cookHeightField            0000000180002f93 f   PhysXCommon_64:PhysXCommon_64.dll
 0001:00001f99       __imp_load_createHeightField 0000000180002f99 f   PhysXCommon_64:PhysXCommon_64.dll
 0001:00001fa5       createHeightField          0000000180002fa5 f   PhysXCommon_64:PhysXCommon_64.dll
 0001:00001fab       __imp_load_cookConvexMesh  0000000180002fab f   PhysXCommon_64:PhysXCommon_64.dll
 0001:00001fb7       cookConvexMesh             0000000180002fb7 f   PhysXCommon_64:PhysXCommon_64.dll
 0001:00001fbd       __imp_load_createConvexMesh 0000000180002fbd f   PhysXCommon_64:PhysXCommon_64.dll
 0001:00001fc9       createConvexMesh           0000000180002fc9 f   PhysXCommon_64:PhysXCommon_64.dll
 0001:00001fcf       __imp_load_validateConvexMesh 0000000180002fcf f   PhysXCommon_64:PhysXCommon_64.dll
 0001:00001fdb       validateConvexMesh         0000000180002fdb f   PhysXCommon_64:PhysXCommon_64.dll
 0001:00001fe1       __imp_load_computeHullPolygons 0000000180002fe1 f   PhysXCommon_64:PhysXCommon_64.dll
 0001:00001fed       computeHullPolygons        0000000180002fed f   PhysXCommon_64:PhysXCommon_64.dll
 0001:00001ff3       __imp_load_validateTriangleMesh 0000000180002ff3 f   PhysXCommon_64:PhysXCommon_64.dll
 0001:00001fff       validateTriangleMesh       0000000180002fff f   PhysXCommon_64:PhysXCommon_64.dll
 0001:00002005       __imp_load_createTriangleMesh 0000000180003005 f   PhysXCommon_64:PhysXCommon_64.dll
 0001:00002011       createTriangleMesh         0000000180003011 f   PhysXCommon_64:PhysXCommon_64.dll
 0001:00002017       __imp_load_cookTriangleMesh 0000000180003017 f   PhysXCommon_64:PhysXCommon_64.dll
 0001:00002023       cookTriangleMesh           0000000180003023 f   PhysXCommon_64:PhysXCommon_64.dll
 0001:00002029       __imp_load_cookTetrahedronMesh 0000000180003029 f   PhysXCommon_64:PhysXCommon_64.dll
 0001:00002035       cookTetrahedronMesh        0000000180003035 f   PhysXCommon_64:PhysXCommon_64.dll
 0001:0000203b       __imp_load_createTetrahedronMesh 000000018000303b f   PhysXCommon_64:PhysXCommon_64.dll
 0001:00002047       createTetrahedronMesh      0000000180003047 f   PhysXCommon_64:PhysXCommon_64.dll
 0001:0000204d       __imp_load_cookSoftBodyMesh 000000018000304d f   PhysXCommon_64:PhysXCommon_64.dll
 0001:00002059       cookSoftBodyMesh           0000000180003059 f   PhysXCommon_64:PhysXCommon_64.dll
 0001:0000205f       __imp_load_createSoftBodyMesh 000000018000305f f   PhysXCommon_64:PhysXCommon_64.dll
 0001:0000206b       createSoftBodyMesh         000000018000306b f   PhysXCommon_64:PhysXCommon_64.dll
 0001:00002071       __imp_load_computeModelsMapping 0000000180003071 f   PhysXCommon_64:PhysXCommon_64.dll
 0001:0000207d       computeModelsMapping       000000018000307d f   PhysXCommon_64:PhysXCommon_64.dll
 0001:00002083       __imp_load_computeCollisionData 0000000180003083 f   PhysXCommon_64:PhysXCommon_64.dll
 0001:0000208f       computeCollisionData       000000018000308f f   PhysXCommon_64:PhysXCommon_64.dll
 0001:00002095       __imp_load_computeSimulationData 0000000180003095 f   PhysXCommon_64:PhysXCommon_64.dll
 0001:000020a1       computeSimulationData      00000001800030a1 f   PhysXCommon_64:PhysXCommon_64.dll
 0001:000020a7       __imp_load_assembleSoftBodyMesh 00000001800030a7 f   PhysXCommon_64:PhysXCommon_64.dll
 0001:000020b3       assembleSoftBodyMesh       00000001800030b3 f   PhysXCommon_64:PhysXCommon_64.dll
 0001:000020b9       __imp_load_assembleSoftBodyMesh_Sim 00000001800030b9 f   PhysXCommon_64:PhysXCommon_64.dll
 0001:000020c5       assembleSoftBodyMesh_Sim   00000001800030c5 f   PhysXCommon_64:PhysXCommon_64.dll
 0001:000020cb       __imp_load_?release@AABBTreeBounds@Gu@physx@@QEAAXXZ 00000001800030cb f   PhysXCommon_64:PhysXCommon_64.dll
 0001:000020d7       ?release@AABBTreeBounds@Gu@physx@@QEAAXXZ 00000001800030d7 f   PhysXCommon_64:PhysXCommon_64.dll
 0001:000020dd       __imp_load_??0BVH@Gu@physx@@QEAA@AEBUPxBVHInternalData@2@@Z 00000001800030dd f   PhysXCommon_64:PhysXCommon_64.dll
 0001:000020e9       ??0BVH@Gu@physx@@QEAA@AEBUPxBVHInternalData@2@@Z 00000001800030e9 f   PhysXCommon_64:PhysXCommon_64.dll
 0001:000020ef       __imp_load_??0BV4TriangleMesh@Gu@physx@@QEAA@AEBUPxTriangleMeshInternalData@2@@Z 00000001800030ef f   PhysXCommon_64:PhysXCommon_64.dll
 0001:000020fb       ??0BV4TriangleMesh@Gu@physx@@QEAA@AEBUPxTriangleMeshInternalData@2@@Z 00000001800030fb f   PhysXCommon_64:PhysXCommon_64.dll
 0001:00002101       __imp_load_PxGetFoundation 0000000180003101 f   PhysXFoundation_64:PhysXFoundation_64.dll
 0001:0000210d       PxGetFoundation            000000018000310d f   PhysXFoundation_64:PhysXFoundation_64.dll
 0001:00002113       __tailMerge_physxfoundation_64_dll 0000000180003113     PhysXFoundation_64:PhysXFoundation_64.dll
 0001:0000218c       __imp_load_PxGetBroadcastAllocator 000000018000318c f   PhysXFoundation_64:PhysXFoundation_64.dll
 0001:00002198       PxGetBroadcastAllocator    0000000180003198 f   PhysXFoundation_64:PhysXFoundation_64.dll
 0001:0000219e       __imp_load_PxDecFoundationRefCount 000000018000319e f   PhysXFoundation_64:PhysXFoundation_64.dll
 0001:000021aa       PxDecFoundationRefCount    00000001800031aa f   PhysXFoundation_64:PhysXFoundation_64.dll
 0001:000021b0       __imp_load_PxIncFoundationRefCount 00000001800031b0 f   PhysXFoundation_64:PhysXFoundation_64.dll
 0001:000021bc       PxIncFoundationRefCount    00000001800031bc f   PhysXFoundation_64:PhysXFoundation_64.dll
 0001:000021c4       ?DloadAcquireSectionWriteAccess@@YAXXZ 00000001800031c4 f i Delayimp:delayhlp.obj
 0001:00002270       ?DloadGetSRWLockFunctionPointers@@YAEXZ 0000000180003270 f i Delayimp:delayhlp.obj
 0001:00002310       ?DloadMakePermanentImageCommit@@YAXPEAX_K@Z 0000000180003310 f i Delayimp:delayhlp.obj
 0001:000023a8       ?DloadObtainSection@@YAPEAXPEAK0@Z 00000001800033a8 f i Delayimp:delayhlp.obj
 0001:00002444       ?DloadProtectSection@@YAXKPEAK@Z 0000000180003444 f i Delayimp:delayhlp.obj
 0001:000024d4       ?DloadReleaseSectionWriteAccess@@YAXXZ 00000001800034d4 f i Delayimp:delayhlp.obj
 0001:00002568       __delayLoadHelper2         0000000180003568 f   Delayimp:delayhlp.obj
 0001:00002840       ??3@YAXPEAX@Z              0000000180003840 f   LIBCMT:delete_scalar.obj
 0001:00002848       ??3@YAXPEAX_K@Z            0000000180003848 f   LIBCMT:delete_scalar_size.obj
 0001:00002848       ??_V@YAXPEAX@Z             0000000180003848 f   LIBCMT:delete_array.obj
 0001:00002850       ??_V@YAXPEAX_K@Z           0000000180003850 f   LIBCMT:delete_array_size.obj
 0001:00002860       __vdecl_sinf4              0000000180003860 f   LIBCMT:svml_ssinf4_dispatch.obj
 0001:00002880       __libm_sse2_sincosf_       0000000180003880 f   LIBCMT:svml_ssinf4_dispatch.obj
 0001:000028c3       __libm_sse2_sincosf4_      00000001800038c3 f   LIBCMT:svml_ssinf4_dispatch.obj
 0001:000028d0       ??_Etype_info@@UEAAPEAXI@Z 00000001800038d0 f i LIBCMT:std_type_info_static.obj
 0001:000028d0       ??_Gtype_info@@UEAAPEAXI@Z 00000001800038d0 f i LIBCMT:std_type_info_static.obj
 0001:000028fc       ?__scrt_initialize_type_info@@YAXXZ 00000001800038fc f   LIBCMT:tncleanup.obj
 0001:0000290c       ?__scrt_uninitialize_type_info@@YAXXZ 000000018000390c f   LIBCMT:tncleanup.obj
 0001:00002c38       _DllMainCRTStartup         0000000180003c38 f   LIBCMT:dll_dllmain.obj
 0001:00002c78       __isa_available_init       0000000180003c78 f   LIBCMT:cpu_disp.obj
 0001:00002e30       __sse2_sinf4@@16           0000000180003e30 f   LIBCMT:svml_ssinf4_sse2.obj
 0001:00003770       __sse4_sinf4@@16           0000000180004770 f   LIBCMT:svml_ssinf4_sse4.obj
 0001:00003ee4       __security_init_cookie     0000000180004ee4 f   LIBCMT:gs_support.obj
 0001:00003f90       ?length@charNode@@UEBAHXZ  0000000180004f90 f   libvcruntime:undname.obj
 0001:00003f90       ?raw_length@charNode@@UEBAHXZ 0000000180004f90 f   libvcruntime:undname.obj
 0001:00003f90       DllMain                    0000000180004f90 f   LIBCMT:dll_dllmain_stub.obj
 0001:00003f90       _get_startup_argv_mode     0000000180004f90 f   LIBCMT:argv_mode.obj
 0001:00003f98       __local_stdio_printf_options 0000000180004f98 f i LIBCMT:default_local_stdio_options.obj
 0001:00003fa0       __local_stdio_scanf_options 0000000180004fa0 f i LIBCMT:default_local_stdio_options.obj
 0001:00003fa8       __scrt_initialize_default_local_stdio_options 0000000180004fa8 f   LIBCMT:default_local_stdio_options.obj
 0001:00003fc4       __scrt_acquire_startup_lock 0000000180004fc4 f   LIBCMT:utility.obj
 0001:00004000       __scrt_dllmain_after_initialize_c 0000000180005000 f   LIBCMT:utility.obj
 0001:00004034       __scrt_dllmain_before_initialize_c 0000000180005034 f   LIBCMT:utility.obj
 0001:0000404c       __scrt_dllmain_crt_thread_attach 000000018000504c f   LIBCMT:utility.obj
 0001:00004074       __scrt_dllmain_crt_thread_detach 0000000180005074 f   LIBCMT:utility.obj
 0001:0000408c       __scrt_dllmain_exception_filter 000000018000508c f   LIBCMT:utility.obj
 0001:000040ec       __scrt_dllmain_uninitialize_c 00000001800050ec f   LIBCMT:utility.obj
 0001:0000411c       __scrt_dllmain_uninitialize_critical 000000018000511c f   LIBCMT:utility.obj
 0001:00004130       __scrt_initialize_crt      0000000180005130 f   LIBCMT:utility.obj
 0001:0000417c       __scrt_initialize_onexit_tables 000000018000517c f   LIBCMT:utility.obj
 0001:00004208       __scrt_is_nonwritable_in_current_image 0000000180005208 f   LIBCMT:utility.obj
 0001:000042a0       __scrt_release_startup_lock 00000001800052a0 f   LIBCMT:utility.obj
 0001:000042c4       __scrt_uninitialize_crt    00000001800052c4 f   LIBCMT:utility.obj
 0001:000042f0       __scrt_get_dyn_tls_init_callback 00000001800052f0 f   LIBCMT:dyn_tls_init.obj
 0001:000042f8       __crt_debugger_hook        00000001800052f8 f   LIBCMT:utility_desktop.obj
 0001:00004300       __scrt_fastfail            0000000180005300 f   LIBCMT:utility_desktop.obj
 0001:0000444c       _RTC_Initialize            000000018000544c f   LIBCMT:initsect.obj
 0001:00004488       _RTC_Terminate             0000000180005488 f   LIBCMT:initsect.obj
 0001:000044d0       __common_ssin_cout_rare    00000001800054d0 f   LIBCMT:svml_s_sin_cout.obj
 0001:00004540       __scrt_is_ucrt_dll_in_use  0000000180005540 f   LIBCMT:ucrt_detection.obj
 0001:0000454c       _get_purecall_handler      000000018000554c f   libvcruntime:purevirt.obj
 0001:00004558       _purecall                  0000000180005558 f   libvcruntime:purevirt.obj
 0001:0000457c       __std_type_info_compare    000000018000557c f   libvcruntime:std_type_info.obj
 0001:000045a4       __std_type_info_destroy_list 00000001800055a4 f   libvcruntime:std_type_info.obj
 0001:000045d0       __std_type_info_name       00000001800055d0 f   libvcruntime:std_type_info.obj
 0001:00004700       memset_repstos             0000000180005700 f   libvcruntime:memset.obj
 0001:00004720       memset                     0000000180005720 f   libvcruntime:memset.obj
 0001:00004aa8       strstr                     0000000180005aa8 f   libvcruntime:strstr.obj
 0001:00004ca0       __C_specific_handler       0000000180005ca0 f   libvcruntime:riscchandler.obj
 0001:00004e98       __vcrt_initialize          0000000180005e98 f   libvcruntime:initialization.obj
 0001:00004ec0       __vcrt_thread_attach       0000000180005ec0 f   libvcruntime:initialization.obj
 0001:00004ed4       __vcrt_thread_detach       0000000180005ed4 f   libvcruntime:initialization.obj
 0001:00004ee8       __vcrt_uninitialize        0000000180005ee8 f   libvcruntime:initialization.obj
 0001:00004f04       __vcrt_uninitialize_critical 0000000180005f04 f   libvcruntime:initialization.obj
 0001:00004f14       __DestructExceptionObject  0000000180005f14 f   libvcruntime:ehhelpers.obj
 0001:00004f84       ?_CallMemberFunction0@@YAXQEAX0@Z 0000000180005f84 f i libvcruntime:ehhelpers.obj
 0001:00004f88       _IsExceptionObjectToBeDestroyed 0000000180005f88 f   libvcruntime:ehhelpers.obj
 0001:00004fb8       __AdjustPointer            0000000180005fb8 f   libvcruntime:ehhelpers.obj
 0001:00004fdc       __FrameUnwindFilter        0000000180005fdc f   libvcruntime:ehhelpers.obj
 0001:00005044       __std_terminate            0000000180006044 f   libvcruntime:ehhelpers.obj
 0001:00005050       ??$?0$00@DName@@QEAA@PEBDU?$StringLifeSelector@$00@@@Z 0000000180006050 f i libvcruntime:undname.obj
 0001:00005090       ??$?0$01@DName@@QEAA@PEBDU?$StringLifeSelector@$01@@@Z 0000000180006090 f i libvcruntime:undname.obj
 0001:00005090       ??$?0$0A@@DName@@QEAA@PEBDU?$StringLifeSelector@$0A@@@@Z 0000000180006090 f i libvcruntime:undname.obj
 0001:000050d0       ??$?0$01@pcharNode@@QEAA@PEBDHU?$StringLifeSelector@$01@@@Z 00000001800060d0 f i libvcruntime:undname.obj
 0001:000050d0       ??$?0$0A@@pcharNode@@QEAA@PEBDHU?$StringLifeSelector@$0A@@@@Z 00000001800060d0 f i libvcruntime:undname.obj
 0001:00005144       ??$append@VDNameNode@@@DName@@AEAAXPEBVDNameNode@@@Z 0000000180006144 f i libvcruntime:undname.obj
 0001:00005144       ??$append@VDNameStatusNode@@@DName@@AEAAXPEBVDNameStatusNode@@@Z 0000000180006144 f i libvcruntime:undname.obj
 0001:00005144       ??$append@VcharNode@@@DName@@AEAAXPEBVcharNode@@@Z 0000000180006144 f i libvcruntime:undname.obj
 0001:00005144       ??$append@VpcharNode@@@DName@@AEAAXPEBVpcharNode@@@Z 0000000180006144 f i libvcruntime:undname.obj
 0001:000051a8       ??$doPchar@$00@DName@@AEAAXPEBDH@Z 00000001800061a8 f i libvcruntime:undname.obj
 0001:0000524c       ??$doPchar@$01@DName@@AEAAXPEBDH@Z 000000018000624c f i libvcruntime:undname.obj
 0001:0000524c       ??$doPchar@$0A@@DName@@AEAAXPEBDH@Z 000000018000624c f i libvcruntime:undname.obj
 0001:000052e4       ??0DName@@QEAA@AEAPEBDD@Z  00000001800062e4 f   libvcruntime:undname.obj
 0001:00005394       ??0DName@@QEAA@AEBUStringLiteral@@@Z 0000000180006394 f   libvcruntime:undname.obj
 0001:000053c0       ??0DName@@QEAA@PEAV0@@Z    00000001800063c0 f   libvcruntime:undname.obj
 0001:00005444       ??0DName@@QEAA@_J@Z        0000000180006444 f   libvcruntime:undname.obj
 0001:000054ec       ??0DName@@QEAA@_K@Z        00000001800064ec f   libvcruntime:undname.obj
 0001:0000557c       ??2@YAPEAX_KAEAV_HeapManager@@H@Z 000000018000657c f   libvcruntime:undname.obj
 0001:000055a8       ??4DName@@QEAAAEAV0@W4DNameStatus@@@Z 00000001800065a8 f   libvcruntime:undname.obj
 0001:000055d8       ??AReplicator@@QEBA?AVDName@@H@Z 00000001800065d8 f   libvcruntime:undname.obj
 0001:00005618       ??HDName@@QEBA?AV0@AEBUStringLiteral@@@Z 0000000180006618 f   libvcruntime:undname.obj
 0001:00005644       ??HDName@@QEBA?AV0@AEBV0@@Z 0000000180006644 f   libvcruntime:undname.obj
 0001:00005670       ??HDName@@QEBA?AV0@D@Z     0000000180006670 f   libvcruntime:undname.obj
 0001:0000569c       ??HDName@@QEBA?AV0@W4DNameStatus@@@Z 000000018000669c f   libvcruntime:undname.obj
 0001:000056c8       ??YDName@@QEAAAEAV0@AEBUStringLiteral@@@Z 00000001800066c8 f   libvcruntime:undname.obj
 0001:00005748       ??YDName@@QEAAAEAV0@AEBV0@@Z 0000000180006748 f   libvcruntime:undname.obj
 0001:000057a0       ??YDName@@QEAAAEAV0@D@Z    00000001800067a0 f   libvcruntime:undname.obj
 0001:0000580c       ??YDName@@QEAAAEAV0@W4DNameStatus@@@Z 000000018000680c f   libvcruntime:undname.obj
 0001:00005864       ??YReplicator@@QEAAAEAV0@AEBVDName@@@Z 0000000180006864 f   libvcruntime:undname.obj
 0001:000058bc       ?UScore@UnDecorator@@SA?AUStringLiteral@@W4Tokens@@@Z 00000001800068bc f   libvcruntime:undname.obj
 0001:00005908       ?composeDeclaration@UnDecorator@@CA?AVDName@@AEBV2@@Z 0000000180006908 f i libvcruntime:undname.obj
 0001:000067fc       ?doPchar@DName@@AEAAXD@Z   00000001800077fc f   libvcruntime:undname.obj
 0001:0000684c       ?getAddressOf@UnDecorator@@CA?AVDName@@XZ 000000018000784c f   libvcruntime:undname.obj
 0001:000068dc       ?getArgumentList@UnDecorator@@CA?AVDName@@XZ 00000001800078dc f   libvcruntime:undname.obj
 0001:00006a90       ?getArgumentTypes@UnDecorator@@CA?AVDName@@XZ 0000000180007a90 f   libvcruntime:undname.obj
 0001:00006bdc       ?getArrayAccess@UnDecorator@@CA?AVDName@@XZ 0000000180007bdc f   libvcruntime:undname.obj
 0001:00006c78       ?getArrayObject@UnDecorator@@CA?AVDName@@XZ 0000000180007c78 f   libvcruntime:undname.obj
 0001:00006d34       ?getArrayType@UnDecorator@@CA?AVDName@@AEBV2@@Z 0000000180007d34 f i libvcruntime:undname.obj
 0001:00006f7c       ?getBasedType@UnDecorator@@CA?AVDName@@XZ 0000000180007f7c f   libvcruntime:undname.obj
 0001:00007074       ?getBasicDataType@UnDecorator@@CA?AVDName@@AEBV2@@Z 0000000180008074 f   libvcruntime:undname.obj
 0001:00007678       ?getCallingConvention@UnDecorator@@CA?AVDName@@XZ 0000000180008678 f   libvcruntime:undname.obj
 0001:000077b0       ?getDataIndirectType@UnDecorator@@CA?AVDName@@AEBV2@W4IndirectionKind@@0H@Z 00000001800087b0 f   libvcruntime:undname.obj
 0001:000080d4       ?getDataType@UnDecorator@@CA?AVDName@@PEAV2@@Z 00000001800090d4 f   libvcruntime:undname.obj
 0001:000081e8       ?getDecoratedName@UnDecorator@@CA?AVDName@@XZ 00000001800091e8 f   libvcruntime:undname.obj
 0001:000084d0       ?getDimension@UnDecorator@@CA?AVDName@@_N@Z 00000001800094d0 f   libvcruntime:undname.obj
 0001:00008618       ?getDispatchTarget@UnDecorator@@CA?AVDName@@XZ 0000000180009618 f   libvcruntime:undname.obj
 0001:00008678       ?getECSUDataType@UnDecorator@@CA?AVDName@@XZ 0000000180009678 f   libvcruntime:undname.obj
 0001:00008874       ?getEnumType@UnDecorator@@CA?AVDName@@XZ 0000000180009874 f i libvcruntime:undname.obj
 0001:000089a4       ?getExtendedDataIndirectType@UnDecorator@@CA?AVDName@@AEAW4IndirectionKind@@AEA_NH@Z 00000001800099a4 f   libvcruntime:undname.obj
 0001:00008ba8       ?getExternalDataType@UnDecorator@@CA?AVDName@@AEBV2@@Z 0000000180009ba8 f i libvcruntime:undname.obj
 0001:00008c68       ?getFloatingPoint@UnDecorator@@CA?AVDName@@H@Z 0000000180009c68 f   libvcruntime:undname.obj
 0001:00008dd0       ?getFunctionIndirectType@UnDecorator@@CA?AVDName@@AEBV2@@Z 0000000180009dd0 f   libvcruntime:undname.obj
 0001:00009304       ?getLastChar@DNameStatusNode@@UEBADXZ 000000018000a304 f i libvcruntime:undname.obj
 0001:00009310       ?getLastChar@charNode@@UEBADXZ 000000018000a310 f i libvcruntime:undname.obj
 0001:00009314       ?getLastChar@pDNameNode@@UEBADXZ 000000018000a314 f i libvcruntime:undname.obj
 0001:00009340       ?getLastChar@pairNode@@UEBADXZ 000000018000a340 f i libvcruntime:undname.obj
 0001:00009378       ?getLastChar@pcharNode@@UEBADXZ 000000018000a378 f i libvcruntime:undname.obj
 0001:0000938c       ?getLexicalFrame@UnDecorator@@CA?AVDName@@XZ 000000018000a38c f i libvcruntime:undname.obj
 0001:000093f0       ?getMemberAccess@UnDecorator@@CA?AVDName@@XZ 000000018000a3f0 f   libvcruntime:undname.obj
 0001:00009484       ?getMemoryWithBuffer@_HeapManager@@QEAAPEAX_K@Z 000000018000a484 f   libvcruntime:undname.obj
 0001:00009514       ?getNoexcept@UnDecorator@@CA?AVDName@@XZ 000000018000a514 f   libvcruntime:undname.obj
 0001:00009578       ?getNumberOfDimensions@UnDecorator@@CAHXZ 000000018000a578 f   libvcruntime:undname.obj
 0001:000095e0       ?getOperatorName@UnDecorator@@CA?AVDName@@_NPEA_N@Z 000000018000a5e0 f i libvcruntime:undname.obj
 0001:00009f90       ?getPointerToMember@UnDecorator@@CA?AVDName@@XZ 000000018000af90 f   libvcruntime:undname.obj
 0001:0000a088       ?getPrimaryDataType@UnDecorator@@CA?AVDName@@AEBV2@@Z 000000018000b088 f   libvcruntime:undname.obj
 0001:0000a340       ?getPtrRefDataType@UnDecorator@@CA?AVDName@@AEBV2@H@Z 000000018000b340 f   libvcruntime:undname.obj
 0001:0000a50c       ?getPtrRefType@UnDecorator@@CA?AVDName@@AEBV2@0W4IndirectionKind@@@Z 000000018000b50c f   libvcruntime:undname.obj
 0001:0000a6e4       ?getRestrictionSpec@UnDecorator@@CA?AVDName@@XZ 000000018000b6e4 f   libvcruntime:undname.obj
 0001:0000a8c0       ?getReturnType@UnDecorator@@CA?AVDName@@PEAV2@@Z 000000018000b8c0 f   libvcruntime:undname.obj
 0001:0000a8f4       ?getScope@UnDecorator@@CA?AVDName@@XZ 000000018000b8f4 f   libvcruntime:undname.obj
 0001:0000adb0       ?getScopedName@UnDecorator@@CA?AVDName@@XZ 000000018000bdb0 f   libvcruntime:undname.obj
 0001:0000aef0       ?getSignedDimension@UnDecorator@@CA?AVDName@@XZ 000000018000bef0 f   libvcruntime:undname.obj
 0001:0000af78       ?getString@DNameStatusNode@@UEBAPEADPEAD0@Z 000000018000bf78 f i libvcruntime:undname.obj
 0001:0000afc0       ?getString@charNode@@UEBAPEADPEAD0@Z 000000018000bfc0 f i libvcruntime:undname.obj
 0001:0000afd4       ?getString@pDNameNode@@UEBAPEADPEAD0@Z 000000018000bfd4 f i libvcruntime:undname.obj
 0001:0000b004       ?getString@pairNode@@UEBAPEADPEAD0@Z 000000018000c004 f i libvcruntime:undname.obj
 0001:0000b050       ?getString@pcharNode@@UEBAPEADPEAD0@Z 000000018000c050 f i libvcruntime:undname.obj
 0001:0000b088       ?getStringEncoding@UnDecorator@@CA?AVDName@@W4PrefixKind@@H@Z 000000018000c088 f   libvcruntime:undname.obj
 0001:0000b198       ?getStringObject@UnDecorator@@CA?AVDName@@XZ 000000018000c198 f   libvcruntime:undname.obj
 0001:0000b200       ?getSymbolName@UnDecorator@@CA?AVDName@@XZ 000000018000c200 f i libvcruntime:undname.obj
 0001:0000b24c       ?getTemplateArgumentList@UnDecorator@@CA?AVDName@@XZ 000000018000c24c f   libvcruntime:undname.obj
 0001:0000b468       ?getTemplateName@UnDecorator@@CA?AVDName@@_N@Z 000000018000c468 f   libvcruntime:undname.obj
 0001:0000b6fc       ?getTemplateNonTypeArgument@UnDecorator@@CA?AVDName@@XZ 000000018000c6fc f   libvcruntime:undname.obj
 0001:0000bc4c       ?getTemplateTypeArgument@UnDecorator@@CA?AVDName@@XZ 000000018000cc4c f   libvcruntime:undname.obj
 0001:0000bdb4       ?getThrowTypes@UnDecorator@@CA?AVDName@@XZ 000000018000cdb4 f   libvcruntime:undname.obj
 0001:0000bdd8       ?getTypeEncoding@UnDecorator@@CAHXZ 000000018000cdd8 f i libvcruntime:undname.obj
 0001:0000c194       ?getUndecoratedName@UnDecorator@@QEAAPEADPEADH@Z 000000018000d194 f i libvcruntime:undname.obj
 0001:0000c2e8       ?getUnionObject@UnDecorator@@CA?AVDName@@XZ 000000018000d2e8 f   libvcruntime:undname.obj
 0001:0000c3c0       ?getVCallThunkType@UnDecorator@@CA?AVDName@@XZ 000000018000d3c0 f i libvcruntime:undname.obj
 0001:0000c438       ?getValue@UnDecorator@@CA?AV?$optional@_K@std@@XZ 000000018000d438 f   libvcruntime:undname.obj
 0001:0000c4ac       ?getValueObject@UnDecorator@@CA?AVDName@@XZ 000000018000d4ac f   libvcruntime:undname.obj
 0001:0000c5ec       ?getVdispMapType@UnDecorator@@CA?AVDName@@AEBV2@@Z 000000018000d5ec f i libvcruntime:undname.obj
 0001:0000c668       ?getVfTableType@UnDecorator@@CA?AVDName@@AEBV2@@Z 000000018000d668 f i libvcruntime:undname.obj
 0001:0000c874       ?getZName@UnDecorator@@CA?AVDName@@_N0@Z 000000018000d874 f   libvcruntime:undname.obj
 0001:0000cb48       ?length@DNameStatusNode@@UEBAHXZ 000000018000db48 f i libvcruntime:undname.obj
 0001:0000cb48       ?raw_length@DNameStatusNode@@UEBAHXZ 000000018000db48 f i libvcruntime:undname.obj
 0001:0000cb4c       ?length@pDNameNode@@UEBAHXZ 000000018000db4c f i libvcruntime:undname.obj
 0001:0000cb74       ?length@pairNode@@UEBAHXZ  000000018000db74 f i libvcruntime:undname.obj
 0001:0000cbbc       ?length@pcharNode@@UEBAHXZ 000000018000dbbc f i libvcruntime:undname.obj
 0001:0000cbbc       ?raw_length@pcharNode@@UEBAHXZ 000000018000dbbc f i libvcruntime:undname.obj
 0001:0000cbc0       ?parseDecoratedName@UnDecorator@@CA?AVDName@@XZ 000000018000dbc0 f   libvcruntime:undname.obj
 0001:0000ccd8       ?raw_length@pDNameNode@@UEBAHXZ 000000018000dcd8 f i libvcruntime:undname.obj
 0001:0000ccdc       ?raw_length@pairNode@@UEBAHXZ 000000018000dcdc f i libvcruntime:undname.obj
 0001:0000cce0       __unDName                  000000018000dce0 f   libvcruntime:undname.obj
 0001:0000cd08       __unDNameEx                000000018000dd08 f   libvcruntime:undname.obj
 0001:0000ce3c       snprintf                   000000018000de3c f i libvcruntime:undname.obj
 0001:0000ce94       sprintf_s                  000000018000de94 f i libvcruntime:undname.obj
 0001:0000cf00       _NLG_Notify                000000018000df00 f   libvcruntime:notify.obj
 0001:0000cf20       __NLG_Dispatch2            000000018000df20 f   libvcruntime:notify.obj
 0001:0000cf30       __NLG_Return2              000000018000df30 f   libvcruntime:notify.obj
 0001:0000cf34       __except_validate_context_record 000000018000df34 f   libvcruntime:jbcxrval.obj
 0001:0000cf80       memcpy_repmovs             000000018000df80 f   libvcruntime:memcpy.obj
 0001:0000cfa0       memcpy                     000000018000dfa0 f   libvcruntime:memcpy.obj
 0001:0000cfa0       memmove                    000000018000dfa0 f   libvcruntime:memcpy.obj
 0001:0000d618       __vcrt_freefls             000000018000e618 f   libvcruntime:per_thread_data.obj
 0001:0000d638       __vcrt_freeptd             000000018000e638 f   libvcruntime:per_thread_data.obj
 0001:0000d688       __vcrt_getptd              000000018000e688 f   libvcruntime:per_thread_data.obj
 0001:0000d6a4       __vcrt_getptd_noexit       000000018000e6a4 f   libvcruntime:per_thread_data.obj
 0001:0000d764       __vcrt_initialize_ptd      000000018000e764 f   libvcruntime:per_thread_data.obj
 0001:0000d7ac       __vcrt_uninitialize_ptd    000000018000e7ac f   libvcruntime:per_thread_data.obj
 0001:0000d7d0       __vcrt_initialize_locks    000000018000e7d0 f   libvcruntime:locks.obj
 0001:0000d818       __vcrt_lock                000000018000e818 f   libvcruntime:locks.obj
 0001:0000d834       __vcrt_uninitialize_locks  000000018000e834 f   libvcruntime:locks.obj
 0001:0000d86c       __vcrt_unlock              000000018000e86c f   libvcruntime:locks.obj
 0001:0000d888       ??$_CallSETranslator@V__FrameHandler3@@@@YAHPEAUEHExceptionRecord@@PEA_KPEAU_CONTEXT@@PEAU_xDISPATCHER_CONTEXT@@PEBU_s_FuncInfo@@K1H@Z 000000018000e888 f i libvcruntime:risctrnsctrl.obj
 0001:0000d8dc       ??$_CallSETranslator@V__FrameHandler4@@@@YAHPEAUEHExceptionRecord@@PEA_KPEAU_CONTEXT@@PEAU_xDISPATCHER_CONTEXT@@PEAUFuncInfo4@FH4@@K1H@Z 000000018000e8dc f i libvcruntime:risctrnsctrl.obj
 0001:0000d930       ?CatchTryBlock@__FrameHandler3@@SAPEBU_s_TryBlockMapEntry@@PEBU_s_FuncInfo@@H@Z 000000018000e930 f   libvcruntime:risctrnsctrl.obj
 0001:0000d994       ?DecompFuncInfo@FH4@@YA_JPEAEAEAUFuncInfo4@1@_KH_N@Z 000000018000e994 f i libvcruntime:risctrnsctrl.obj
 0001:0000dab8       ?ExecutionInCatch@__FrameHandler3@@SA_NPEAU_xDISPATCHER_CONTEXT@@PEBU_s_FuncInfo@@@Z 000000018000eab8 f   libvcruntime:risctrnsctrl.obj
 0001:0000dae4       ?ExecutionInCatch@__FrameHandler4@@SA_NPEAU_xDISPATCHER_CONTEXT@@PEAUFuncInfo4@FH4@@@Z 000000018000eae4 f   libvcruntime:risctrnsctrl.obj
 0001:0000daec       ?FrameUnwindToEmptyState@__FrameHandler3@@SAXPEA_KPEAU_xDISPATCHER_CONTEXT@@PEBU_s_FuncInfo@@@Z 000000018000eaec f   libvcruntime:risctrnsctrl.obj
 0001:0000db50       ?FrameUnwindToEmptyState@__FrameHandler4@@SAXPEA_KPEAU_xDISPATCHER_CONTEXT@@PEAUFuncInfo4@FH4@@@Z 000000018000eb50 f   libvcruntime:risctrnsctrl.obj
 0001:0000db84       ?GetEstablisherFrame@__FrameHandler3@@SAPEA_KPEA_KPEAU_xDISPATCHER_CONTEXT@@PEBU_s_FuncInfo@@0@Z 000000018000eb84 f   libvcruntime:risctrnsctrl.obj
 0001:0000dc50       ?GetEstablisherFrame@__FrameHandler4@@SAPEA_KPEA_KPEAU_xDISPATCHER_CONTEXT@@PEAUFuncInfo4@FH4@@0@Z 000000018000ec50 f   libvcruntime:risctrnsctrl.obj
 0001:0000dc74       ?GetRangeOfTrysToCheck@__FrameHandler3@@SA?AU?$pair@Viterator@TryBlockMap@__FrameHandler3@@V123@@std@@AEAVTryBlockMap@1@HPEAU_xDISPATCHER_CONTEXT@@PEBU_s_FuncInfo@@H@Z 000000018000ec74 f   libvcruntime:risctrnsctrl.obj
 0001:0000ddb4       ?GetRangeOfTrysToCheck@__FrameHandler4@@SA?AU?$pair@Viterator@TryBlockMap4@FH4@@V123@@std@@AEAVTryBlockMap4@FH4@@HPEAU_xDISPATCHER_CONTEXT@@PEAUFuncInfo4@5@H@Z 000000018000edb4 f   libvcruntime:risctrnsctrl.obj
 0001:0000df20       ?UnwindNestedFrames@__FrameHandler3@@SAXPEA_KPEAUEHExceptionRecord@@PEAU_CONTEXT@@0PEAXPEBU_s_FuncInfo@@HHPEBU_s_HandlerType@@PEAU_xDISPATCHER_CONTEXT@@E@Z 000000018000ef20 f   libvcruntime:risctrnsctrl.obj
 0001:0000e024       ?UnwindNestedFrames@__FrameHandler4@@SAXPEA_KPEAUEHExceptionRecord@@PEAU_CONTEXT@@0PEAXPEAUFuncInfo4@FH4@@HHPEAUHandlerType4@5@PEAU_xDISPATCHER_CONTEXT@@E@Z 000000018000f024 f   libvcruntime:risctrnsctrl.obj
 0001:0000e144       ?setBuffer@TryBlockMap4@FH4@@QEAAXViterator@12@@Z 000000018000f144 f i libvcruntime:risctrnsctrl.obj
 0001:0000e308       _CreateFrameInfo           000000018000f308 f   libvcruntime:risctrnsctrl.obj
 0001:0000e344       _FindAndUnlinkFrame        000000018000f344 f   libvcruntime:risctrnsctrl.obj
 0001:0000e398       _GetImageBase              000000018000f398 f   libvcruntime:risctrnsctrl.obj
 0001:0000e3ac       _GetThrowImageBase         000000018000f3ac f   libvcruntime:risctrnsctrl.obj
 0001:0000e3c0       _SetImageBase              000000018000f3c0 f   libvcruntime:risctrnsctrl.obj
 0001:0000e3d8       _SetThrowImageBase         000000018000f3d8 f   libvcruntime:risctrnsctrl.obj
 0001:0000e3f0       __CxxFrameHandler3         000000018000f3f0 f   libvcruntime:risctrnsctrl.obj
 0001:0000e478       __CxxFrameHandler4         000000018000f478 f   libvcruntime:risctrnsctrl.obj
 0001:0000e688       __vcrt_FlsAlloc            000000018000f688 f   libvcruntime:winapi_downlevel.obj
 0001:0000e6d0       __vcrt_FlsFree             000000018000f6d0 f   libvcruntime:winapi_downlevel.obj
 0001:0000e718       __vcrt_FlsGetValue         000000018000f718 f   libvcruntime:winapi_downlevel.obj
 0001:0000e760       __vcrt_FlsSetValue         000000018000f760 f   libvcruntime:winapi_downlevel.obj
 0001:0000e7b4       __vcrt_InitializeCriticalSectionEx 000000018000f7b4 f   libvcruntime:winapi_downlevel.obj
 0001:0000e818       ?GetCurrentState@__FrameHandler3@@SAHPEA_KPEAU_xDISPATCHER_CONTEXT@@PEBU_s_FuncInfo@@@Z 000000018000f818 f   libvcruntime:ehstate.obj
 0001:0000e840       ?GetUnwindTryBlock@__FrameHandler3@@SAHPEA_KPEAU_xDISPATCHER_CONTEXT@@PEBU_s_FuncInfo@@@Z 000000018000f840 f   libvcruntime:ehstate.obj
 0001:0000e86c       ?SetState@__FrameHandler3@@SAXPEA_KPEBU_s_FuncInfo@@H@Z 000000018000f86c f   libvcruntime:ehstate.obj
 0001:0000e878       ?SetUnwindTryBlock@__FrameHandler3@@SAXPEA_KPEAU_xDISPATCHER_CONTEXT@@PEBU_s_FuncInfo@@H@Z 000000018000f878 f   libvcruntime:ehstate.obj
 0001:0000e8b4       ?StateFromControlPc@__FrameHandler3@@SAHPEBU_s_FuncInfo@@PEAU_xDISPATCHER_CONTEXT@@@Z 000000018000f8b4 f   libvcruntime:ehstate.obj
 0001:0000e8bc       ?StateFromControlPc@__FrameHandler4@@SAHPEAUFuncInfo4@FH4@@PEAU_xDISPATCHER_CONTEXT@@@Z 000000018000f8bc f   libvcruntime:ehstate.obj
 0001:0000e8c4       ?StateFromIp@__FrameHandler3@@SAHPEBU_s_FuncInfo@@PEAU_xDISPATCHER_CONTEXT@@_K@Z 000000018000f8c4 f   libvcruntime:ehstate.obj
 0001:0000e92c       ?StateFromIp@__FrameHandler4@@SAHPEAUFuncInfo4@FH4@@PEAU_xDISPATCHER_CONTEXT@@_K@Z 000000018000f92c f   libvcruntime:ehstate.obj
 0001:0001002c       ??$TypeMatchHelper@V__FrameHandler3@@@@YAHPEBU_s_HandlerType@@PEBU_s_CatchableType@@PEBU_s_ThrowInfo@@@Z 000000018001102c f i libvcruntime:frame.obj
 0001:0001016c       ??$TypeMatchHelper@V__FrameHandler4@@@@YAHPEAUHandlerType4@FH4@@PEBU_s_CatchableType@@PEBU_s_ThrowInfo@@@Z 000000018001116c f i libvcruntime:frame.obj
 0001:000102b0       ??$__InternalCxxFrameHandler@V__FrameHandler3@@@@YA?AW4_EXCEPTION_DISPOSITION@@PEAUEHExceptionRecord@@PEA_KPEAU_CONTEXT@@PEAU_xDISPATCHER_CONTEXT@@PEBU_s_FuncInfo@@H1E@Z 00000001800112b0 f i libvcruntime:frame.obj
 0001:000104e8       ??$__InternalCxxFrameHandler@V__FrameHandler4@@@@YA?AW4_EXCEPTION_DISPOSITION@@PEAUEHExceptionRecord@@PEA_KPEAU_CONTEXT@@PEAU_xDISPATCHER_CONTEXT@@PEAUFuncInfo4@FH4@@H1E@Z 00000001800114e8 f i libvcruntime:frame.obj
 0001:0001077c       ??$__InternalCxxFrameHandlerWrapper@V__FrameHandler3@@@@YA?AW4_EXCEPTION_DISPOSITION@@PEAUEHExceptionRecord@@PEA_KPEAU_CONTEXT@@PEAU_xDISPATCHER_CONTEXT@@PEBU_s_FuncInfo@@H1E@Z 000000018001177c f i libvcruntime:frame.obj
 0001:00010784       ??$__InternalCxxFrameHandlerWrapper@V__FrameHandler4@@@@YA?AW4_EXCEPTION_DISPOSITION@@PEAUEHExceptionRecord@@PEA_KPEAU_CONTEXT@@PEAU_xDISPATCHER_CONTEXT@@PEAUFuncInfo4@FH4@@H1E@Z 0000000180011784 f i libvcruntime:frame.obj
 0001:000107e0       ??0HandlerMap4@FH4@@QEAA@PEBUTryBlockMapEntry4@1@_KH@Z 00000001800117e0 f i libvcruntime:frame.obj
 0001:0001085c       ??0TryBlockMap4@FH4@@QEAA@PEBUFuncInfo4@1@_K@Z 000000018001185c f i libvcruntime:frame.obj
 0001:00010934       ??0bad_exception@std@@QEAA@AEBV01@@Z 0000000180011934 f i libvcruntime:frame.obj
 0001:00010970       ??0bad_exception@std@@QEAA@XZ 0000000180011970 f i libvcruntime:frame.obj
 0001:00010990       ??0exception@std@@QEAA@AEBV01@@Z 0000000180011990 f i libvcruntime:frame.obj
 0001:000109c4       ??1bad_exception@std@@UEAA@XZ 00000001800119c4 f i libvcruntime:frame.obj
 0001:000109d8       ??_Ebad_exception@std@@UEAAPEAXI@Z 00000001800119d8 f i libvcruntime:frame.obj
 0001:000109d8       ??_Eexception@std@@UEAAPEAXI@Z 00000001800119d8 f i libvcruntime:frame.obj
 0001:000109d8       ??_Gbad_exception@std@@UEAAPEAXI@Z 00000001800119d8 f i libvcruntime:frame.obj
 0001:000109d8       ??_Gexception@std@@UEAAPEAXI@Z 00000001800119d8 f i libvcruntime:frame.obj
 0001:00010a1c       ?CxxCallCatchBlock@__FrameHandler3@@SAPEAXPEAU_EXCEPTION_RECORD@@@Z 0000000180011a1c f   libvcruntime:frame.obj
 0001:00010c08       ?CxxCallCatchBlock@__FrameHandler4@@SAPEAXPEAU_EXCEPTION_RECORD@@@Z 0000000180011c08 f   libvcruntime:frame.obj
 0001:00010e58       ?DecompHandler@HandlerMap4@FH4@@AEAAXXZ 0000000180011e58 f i libvcruntime:frame.obj
 0001:000110a4       ?FrameUnwindToState@__FrameHandler3@@SAXPEA_KPEAU_xDISPATCHER_CONTEXT@@PEBU_s_FuncInfo@@H@Z 00000001800120a4 f   libvcruntime:frame.obj
 0001:00011230       ?FrameUnwindToState@__FrameHandler4@@SAXPEA_KPEAU_xDISPATCHER_CONTEXT@@PEAUFuncInfo4@FH4@@H@Z 0000000180012230 f   libvcruntime:frame.obj
 0001:0001152c       ?GetHandlerSearchState@__FrameHandler3@@SAHPEA_KPEAU_xDISPATCHER_CONTEXT@@PEBU_s_FuncInfo@@@Z 000000018001252c f i libvcruntime:frame.obj
 0001:0001173c       ?ReadEntry@UWMap4@FH4@@AEAAXPEAPEAE@Z 000000018001273c f i libvcruntime:frame.obj
 0001:000117d8       ?_CallMemberFunction1@@YAXQEAX00@Z 00000001800127d8 f i libvcruntime:frame.obj
 0001:000117e4       ?_CallMemberFunction2@@YAXQEAX00H@Z 00000001800127e4 f i libvcruntime:frame.obj
 0001:000117f4       ?getStartStop@UWMap4@FH4@@QEAAXHHAEAViterator@12@0@Z 00000001800127f4 f i libvcruntime:frame.obj
 0001:000118c4       ?getStateFromIterators@UWMap4@FH4@@SAHAEBViterator@12@H0H0@Z 00000001800128c4 f i libvcruntime:frame.obj
 0001:00011974       ?what@exception@std@@UEBAPEBDXZ 0000000180012974 f i libvcruntime:frame.obj
 0001:000119a0       _CallSettingFrame          00000001800129a0 f   libvcruntime:handlers.obj
 0001:000119f0       _CallSettingFrame_LookupContinuationIndex 00000001800129f0 f   libvcruntime:handlers.obj
 0001:00011a20       _CallSettingFrame_NotifyContinuationAddr 0000000180012a20 f   libvcruntime:handlers.obj
 0001:00011a50       _CallSettingFrameEncoded   0000000180012a50 f   libvcruntime:handlers.obj
 0001:00011a98       __std_exception_copy       0000000180012a98 f   libvcruntime:std_exception.obj
 0001:00011b28       __std_exception_destroy    0000000180012b28 f   libvcruntime:std_exception.obj
 0001:00011b50       _CxxThrowException         0000000180012b50 f   libvcruntime:throw.obj
 0001:00011bf0       _local_unwind              0000000180012bf0 f   libvcruntime:jmpuwind.obj
 0001:00011c20       cosf                       0000000180012c20 f   libucrt:cosf.obj
 0001:00012120       sinf                       0000000180013120 f   libucrt:sinf.obj
 0001:00012818       free                       0000000180013818 f   libucrt:free.obj
 0001:0001282c       _initterm                  000000018001382c f   libucrt:initterm.obj
 0001:00012870       _initterm_e                0000000180013870 f   libucrt:initterm.obj
 0001:000128b8       _seh_filter_dll            00000001800138b8 f   libucrt:exception_filter.obj
 0001:000128cc       _seh_filter_exe            00000001800138cc f   libucrt:exception_filter.obj
 0001:00012cf0       __acrt_initialize_thread_local_exit_callback 0000000180013cf0 f   libucrt:exit.obj
 0001:00012cf8       _cexit                     0000000180013cf8 f   libucrt:exit.obj
 0001:00012d08       _exit                      0000000180013d08 f   libucrt:exit.obj
 0001:00012d14       _is_c_termination_complete 0000000180013d14 f   libucrt:exit.obj
 0001:00012edc       __acrt_allocate_buffer_for_argv 0000000180013edc f   libucrt:argv_parsing.obj
 0001:00012f3c       _configure_narrow_argv     0000000180013f3c f   libucrt:argv_parsing.obj
 0001:000132c4       __dcrt_uninitialize_environments_nolock 00000001800142c4 f   libucrt:environment_initialization.obj
 0001:00013308       _initialize_narrow_environment 0000000180014308 f   libucrt:environment_initialization.obj
 0001:0001346c       _execute_onexit_table      000000018001446c f   libucrt:onexit.obj
 0001:000134b0       _initialize_onexit_table   00000001800144b0 f   libucrt:onexit.obj
 0001:00013510       __acrt_uninitialize_command_line 0000000180014510 f   libucrt:argv_data.obj
 0001:00013608       __acrt_initialize          0000000180014608 f   libucrt:initialization.obj
 0001:0001361c       __acrt_thread_attach       000000018001461c f   libucrt:initialization.obj
 0001:00013630       __acrt_thread_detach       0000000180014630 f   libucrt:initialization.obj
 0001:00013640       __acrt_uninitialize        0000000180014640 f   libucrt:initialization.obj
 0001:00013678       __acrt_uninitialize_critical 0000000180014678 f   libucrt:initialization.obj
 0001:00013688       terminate                  0000000180014688 f   libucrt:terminate.obj
 0001:000136b4       abort                      00000001800146b4 f   libucrt:abort.obj
 0001:0001370c       malloc                     000000018001470c f   libucrt:malloc.obj
 0001:00013714       strcpy_s                   0000000180014714 f   libucrt:strcpy_s.obj
 0001:00013924       ??$ensure_buffer_is_big_enough@D@formatting_buffer@__crt_stdio_output@@QEAA_N_KAEAV__crt_cached_ptd_host@@@Z 0000000180014924 f i libucrt:output.obj
 0001:000139cc       ??$parse_integer@KV?$c_string_character_source@D@__crt_strtox@@$0A@@__crt_strtox@@YAKAEAV__crt_cached_ptd_host@@V?$c_string_character_source@D@0@H_N@Z 00000001800149cc f i libucrt:output.obj
 0001:00013c7c       ??$type_case_integer@$07@?$output_processor@DV?$string_output_adapter@D@__crt_stdio_output@@V?$format_validation_base@DV?$string_output_adapter@D@__crt_stdio_output@@@2@@__crt_stdio_output@@AEAA_N_N@Z 0000000180014c7c f i libucrt:output.obj
 0001:00013c7c       ??$type_case_integer@$07@?$output_processor@DV?$string_output_adapter@D@__crt_stdio_output@@V?$standard_base@DV?$string_output_adapter@D@__crt_stdio_output@@@2@@__crt_stdio_output@@AEAA_N_N@Z 0000000180014c7c f i libucrt:output.obj
 0001:00013e64       ??$type_case_integer@$09@?$output_processor@DV?$string_output_adapter@D@__crt_stdio_output@@V?$format_validation_base@DV?$string_output_adapter@D@__crt_stdio_output@@@2@@__crt_stdio_output@@AEAA_N_N@Z 0000000180014e64 f i libucrt:output.obj
 0001:00013e64       ??$type_case_integer@$09@?$output_processor@DV?$string_output_adapter@D@__crt_stdio_output@@V?$standard_base@DV?$string_output_adapter@D@__crt_stdio_output@@@2@@__crt_stdio_output@@AEAA_N_N@Z 0000000180014e64 f i libucrt:output.obj
 0001:0001404c       ??$type_case_integer@$0BA@@?$output_processor@DV?$string_output_adapter@D@__crt_stdio_output@@V?$format_validation_base@DV?$string_output_adapter@D@__crt_stdio_output@@@2@@__crt_stdio_output@@AEAA_N_N@Z 000000018001504c f i libucrt:output.obj
 0001:0001404c       ??$type_case_integer@$0BA@@?$output_processor@DV?$string_output_adapter@D@__crt_stdio_output@@V?$standard_base@DV?$string_output_adapter@D@__crt_stdio_output@@@2@@__crt_stdio_output@@AEAA_N_N@Z 000000018001504c f i libucrt:output.obj
 0001:00014234       ??$type_case_integer_parse_into_buffer@I$07@?$output_processor@DV?$string_output_adapter@D@__crt_stdio_output@@V?$format_validation_base@DV?$string_output_adapter@D@__crt_stdio_output@@@2@@__crt_stdio_output@@AEAAXI_N@Z 0000000180015234 f i libucrt:output.obj
 0001:00014234       ??$type_case_integer_parse_into_buffer@I$07@?$output_processor@DV?$string_output_adapter@D@__crt_stdio_output@@V?$standard_base@DV?$string_output_adapter@D@__crt_stdio_output@@@2@@__crt_stdio_output@@AEAAXI_N@Z 0000000180015234 f i libucrt:output.obj
 0001:000142b0       ??$type_case_integer_parse_into_buffer@I$09@?$output_processor@DV?$string_output_adapter@D@__crt_stdio_output@@V?$format_validation_base@DV?$string_output_adapter@D@__crt_stdio_output@@@2@@__crt_stdio_output@@AEAAXI_N@Z 00000001800152b0 f i libucrt:output.obj
 0001:000142b0       ??$type_case_integer_parse_into_buffer@I$09@?$output_processor@DV?$string_output_adapter@D@__crt_stdio_output@@V?$standard_base@DV?$string_output_adapter@D@__crt_stdio_output@@@2@@__crt_stdio_output@@AEAAXI_N@Z 00000001800152b0 f i libucrt:output.obj
 0001:00014358       ??$type_case_integer_parse_into_buffer@I$0BA@@?$output_processor@DV?$string_output_adapter@D@__crt_stdio_output@@V?$format_validation_base@DV?$string_output_adapter@D@__crt_stdio_output@@@2@@__crt_stdio_output@@AEAAXI_N@Z 0000000180015358 f i libucrt:output.obj
 0001:00014358       ??$type_case_integer_parse_into_buffer@I$0BA@@?$output_processor@DV?$string_output_adapter@D@__crt_stdio_output@@V?$standard_base@DV?$string_output_adapter@D@__crt_stdio_output@@@2@@__crt_stdio_output@@AEAAXI_N@Z 0000000180015358 f i libucrt:output.obj
 0001:000143e4       ??$type_case_integer_parse_into_buffer@_K$07@?$output_processor@DV?$string_output_adapter@D@__crt_stdio_output@@V?$format_validation_base@DV?$string_output_adapter@D@__crt_stdio_output@@@2@@__crt_stdio_output@@AEAAX_K_N@Z 00000001800153e4 f i libucrt:output.obj
 0001:000143e4       ??$type_case_integer_parse_into_buffer@_K$07@?$output_processor@DV?$string_output_adapter@D@__crt_stdio_output@@V?$standard_base@DV?$string_output_adapter@D@__crt_stdio_output@@@2@@__crt_stdio_output@@AEAAX_K_N@Z 00000001800153e4 f i libucrt:output.obj
 0001:00014460       ??$type_case_integer_parse_into_buffer@_K$09@?$output_processor@DV?$string_output_adapter@D@__crt_stdio_output@@V?$format_validation_base@DV?$string_output_adapter@D@__crt_stdio_output@@@2@@__crt_stdio_output@@AEAAX_K_N@Z 0000000180015460 f i libucrt:output.obj
 0001:00014460       ??$type_case_integer_parse_into_buffer@_K$09@?$output_processor@DV?$string_output_adapter@D@__crt_stdio_output@@V?$standard_base@DV?$string_output_adapter@D@__crt_stdio_output@@@2@@__crt_stdio_output@@AEAAX_K_N@Z 0000000180015460 f i libucrt:output.obj
 0001:0001450c       ??$type_case_integer_parse_into_buffer@_K$0BA@@?$output_processor@DV?$string_output_adapter@D@__crt_stdio_output@@V?$format_validation_base@DV?$string_output_adapter@D@__crt_stdio_output@@@2@@__crt_stdio_output@@AEAAX_K_N@Z 000000018001550c f i libucrt:output.obj
 0001:0001450c       ??$type_case_integer_parse_into_buffer@_K$0BA@@?$output_processor@DV?$string_output_adapter@D@__crt_stdio_output@@V?$standard_base@DV?$string_output_adapter@D@__crt_stdio_output@@@2@@__crt_stdio_output@@AEAAX_K_N@Z 000000018001550c f i libucrt:output.obj
 0001:00014598       ?crop_zeroes@__crt_stdio_output@@YAXPEADQEAU__crt_locale_pointers@@@Z 0000000180015598 f i libucrt:output.obj
 0001:00014610       ?get_raw_ptd@__crt_cached_ptd_host@@QEAAPEAU__acrt_ptd@@XZ 0000000180015610 f i libucrt:output.obj
 0001:00014678       ?parse_int_from_format_string@?$output_processor@DV?$string_output_adapter@D@__crt_stdio_output@@V?$format_validation_base@DV?$string_output_adapter@D@__crt_stdio_output@@@2@@__crt_stdio_output@@AEAA_NQEAH@Z 0000000180015678 f i libucrt:output.obj
 0001:00014678       ?parse_int_from_format_string@?$output_processor@DV?$string_output_adapter@D@__crt_stdio_output@@V?$standard_base@DV?$string_output_adapter@D@__crt_stdio_output@@@2@@__crt_stdio_output@@AEAA_NQEAH@Z 0000000180015678 f i libucrt:output.obj
 0001:00014708       ?process@?$output_processor@DV?$string_output_adapter@D@__crt_stdio_output@@V?$format_validation_base@DV?$string_output_adapter@D@__crt_stdio_output@@@2@@__crt_stdio_output@@QEAAHXZ 0000000180015708 f i libucrt:output.obj
 0001:00014a98       ?process@?$output_processor@DV?$string_output_adapter@D@__crt_stdio_output@@V?$standard_base@DV?$string_output_adapter@D@__crt_stdio_output@@@2@@__crt_stdio_output@@QEAAHXZ 0000000180015a98 f i libucrt:output.obj
 0001:00014e1c       ?state_case_size@?$output_processor@DV?$string_output_adapter@D@__crt_stdio_output@@V?$format_validation_base@DV?$string_output_adapter@D@__crt_stdio_output@@@2@@__crt_stdio_output@@AEAA_NXZ 0000000180015e1c f i libucrt:output.obj
 0001:00014e1c       ?state_case_size@?$output_processor@DV?$string_output_adapter@D@__crt_stdio_output@@V?$standard_base@DV?$string_output_adapter@D@__crt_stdio_output@@@2@@__crt_stdio_output@@AEAA_NXZ 0000000180015e1c f i libucrt:output.obj
 0001:00014fa0       ?state_case_type@?$output_processor@DV?$string_output_adapter@D@__crt_stdio_output@@V?$format_validation_base@DV?$string_output_adapter@D@__crt_stdio_output@@@2@@__crt_stdio_output@@AEAA_NXZ 0000000180015fa0 f i libucrt:output.obj
 0001:00014fa0       ?state_case_type@?$output_processor@DV?$string_output_adapter@D@__crt_stdio_output@@V?$standard_base@DV?$string_output_adapter@D@__crt_stdio_output@@@2@@__crt_stdio_output@@AEAA_NXZ 0000000180015fa0 f i libucrt:output.obj
 0001:0001536c       ?type_case_Z@?$output_processor@DV?$string_output_adapter@D@__crt_stdio_output@@V?$format_validation_base@DV?$string_output_adapter@D@__crt_stdio_output@@@2@@__crt_stdio_output@@AEAA_NXZ 000000018001636c f i libucrt:output.obj
 0001:0001536c       ?type_case_Z@?$output_processor@DV?$string_output_adapter@D@__crt_stdio_output@@V?$standard_base@DV?$string_output_adapter@D@__crt_stdio_output@@@2@@__crt_stdio_output@@AEAA_NXZ 000000018001636c f i libucrt:output.obj
 0001:000153e4       ?type_case_a@?$output_processor@DV?$string_output_adapter@D@__crt_stdio_output@@V?$format_validation_base@DV?$string_output_adapter@D@__crt_stdio_output@@@2@@__crt_stdio_output@@AEAA_NXZ 00000001800163e4 f i libucrt:output.obj
 0001:000153e4       ?type_case_a@?$output_processor@DV?$string_output_adapter@D@__crt_stdio_output@@V?$standard_base@DV?$string_output_adapter@D@__crt_stdio_output@@@2@@__crt_stdio_output@@AEAA_NXZ 00000001800163e4 f i libucrt:output.obj
 0001:00015630       ?type_case_c_tchar@?$output_processor@DV?$string_output_adapter@D@__crt_stdio_output@@V?$format_validation_base@DV?$string_output_adapter@D@__crt_stdio_output@@@2@@__crt_stdio_output@@AEAA_ND@Z 0000000180016630 f i libucrt:output.obj
 0001:00015630       ?type_case_c_tchar@?$output_processor@DV?$string_output_adapter@D@__crt_stdio_output@@V?$standard_base@DV?$string_output_adapter@D@__crt_stdio_output@@@2@@__crt_stdio_output@@AEAA_ND@Z 0000000180016630 f i libucrt:output.obj
 0001:000156f4       ?type_case_n@?$output_processor@DV?$string_output_adapter@D@__crt_stdio_output@@V?$format_validation_base@DV?$string_output_adapter@D@__crt_stdio_output@@@2@@__crt_stdio_output@@AEAA_NXZ 00000001800166f4 f i libucrt:output.obj
 0001:000156f4       ?type_case_n@?$output_processor@DV?$string_output_adapter@D@__crt_stdio_output@@V?$standard_base@DV?$string_output_adapter@D@__crt_stdio_output@@@2@@__crt_stdio_output@@AEAA_NXZ 00000001800166f4 f i libucrt:output.obj
 0001:000157a8       ?type_case_s@?$output_processor@DV?$string_output_adapter@D@__crt_stdio_output@@V?$format_validation_base@DV?$string_output_adapter@D@__crt_stdio_output@@@2@@__crt_stdio_output@@AEAA_NXZ 00000001800167a8 f i libucrt:output.obj
 0001:000157a8       ?type_case_s@?$output_processor@DV?$string_output_adapter@D@__crt_stdio_output@@V?$standard_base@DV?$string_output_adapter@D@__crt_stdio_output@@@2@@__crt_stdio_output@@AEAA_NXZ 00000001800167a8 f i libucrt:output.obj
 0001:00015840       ?update_locale_slow@__crt_cached_ptd_host@@AEAAXXZ 0000000180016840 f i libucrt:output.obj
 0001:000158b8       ?write_string@?$string_output_adapter@D@__crt_stdio_output@@QEBAXQEBDHQEAHAEAV__crt_cached_ptd_host@@@Z 00000001800168b8 f i libucrt:output.obj
 0001:0001595c       __stdio_common_vsprintf    000000018001695c f   libucrt:output.obj
 0001:00015bb0       __stdio_common_vsprintf_s  0000000180016bb0 f   libucrt:output.obj
 0001:00015cc4       ??$parse_integer@KV?$c_string_character_source@D@__crt_strtox@@$00@__crt_strtox@@YAKAEAV__crt_cached_ptd_host@@V?$c_string_character_source@D@0@H_N@Z 0000000180016cc4 f i libucrt:atox.obj
 0001:00015fa4       _ischartype_l              0000000180016fa4 f i libucrt:atox.obj
 0001:0001601c       atol                       000000018001701c f   libucrt:atox.obj
 0001:000160e0       strncmp                    00000001800170e0 f   libucrt:strncmp.obj
 0001:00016160       calloc                     0000000180017160 f   libucrt:calloc.obj
 0001:00016168       wcsncmp                    0000000180017168 f   libucrt:wcsncmp.obj
 0001:000161a0       __remainder_piby2d2f_forAsm 00000001800171a0 f   libucrt:remainder_piby2f_forasm.obj
 0001:000162f0       __remainder_piby2_fma3     00000001800172f0 f   libucrt:remainder_piby2_forfma3.obj
 0001:000164e0       __remainder_piby2_fma3_bdl 00000001800174e0 f   libucrt:remainder_piby2_forfma3.obj
 0001:00016558       _cosf_special              0000000180017558 f   libucrt:sincos_special.obj
 0001:000165f8       _sinf_special              00000001800175f8 f   libucrt:sincos_special.obj
 0001:0001660c       _clrfp                     000000018001760c f   libucrt:fpctrl.obj
 0001:0001662c       _ctrlfp                    000000018001762c f   libucrt:fpctrl.obj
 0001:000166a8       _set_statfp                00000001800176a8 f   libucrt:fpctrl.obj
 0001:000166c8       _statfp                    00000001800176c8 f   libucrt:fpctrl.obj
 0001:000166e0       __acrt_initialize_fma3     00000001800176e0 f   libucrt:fma3_available.obj
 0001:00016750       __remainder_piby2d2f_forC  0000000180017750 f   libucrt:remainder_piby2f_forc.obj
 0001:000168dc       _free_base                 00000001800178dc f   libucrt:free_base.obj
 0001:00016c90       __acrt_freeptd             0000000180017c90 f   libucrt:per_thread_data.obj
 0001:00016cd4       __acrt_getptd              0000000180017cd4 f   libucrt:per_thread_data.obj
 0001:00016da8       __acrt_getptd_head         0000000180017da8 f   libucrt:per_thread_data.obj
 0001:00016e4c       __acrt_getptd_noexit       0000000180017e4c f   libucrt:per_thread_data.obj
 0001:00016f14       __acrt_getptd_noexit_explicit 0000000180017f14 f   libucrt:per_thread_data.obj
 0001:00016fd4       __acrt_initialize_ptd      0000000180017fd4 f   libucrt:per_thread_data.obj
 0001:00017010       __acrt_uninitialize_ptd    0000000180018010 f   libucrt:per_thread_data.obj
 0001:00017034       __acrt_initialize_locks    0000000180018034 f   libucrt:locks.obj
 0001:0001707c       __acrt_lock                000000018001807c f   libucrt:locks.obj
 0001:00017098       __acrt_uninitialize_locks  0000000180018098 f   libucrt:locks.obj
 0001:000170d0       __acrt_unlock              00000001800180d0 f   libucrt:locks.obj
 0001:000170ec       __acrt_get_process_end_policy 00000001800180ec f   libucrt:win_policies.obj
 0001:00017128       ?get_raw_ptd_noexit@__crt_cached_ptd_host@@QEAAPEAU__acrt_ptd@@XZ 0000000180018128 f i libucrt:invalid_parameter.obj
 0001:00017194       ?value@?$dual_state_global@P6AXPEB_W00I_K@Z@__crt_state_management@@QEAAAEAP6AXPEB_W00I_K@ZAEAV__crt_cached_ptd_host@@@Z 0000000180018194 f i libucrt:invalid_parameter.obj
 0001:000171e0       __acrt_call_reportfault    00000001800181e0 f   libucrt:invalid_parameter.obj
 0001:0001733c       __acrt_initialize_invalid_parameter_handler 000000018001833c f   libucrt:invalid_parameter.obj
 0001:00017344       _invalid_parameter         0000000180018344 f   libucrt:invalid_parameter.obj
 0001:000173e0       _invalid_parameter_internal 00000001800183e0 f   libucrt:invalid_parameter.obj
 0001:000174b0       _invalid_parameter_noinfo  00000001800184b0 f   libucrt:invalid_parameter.obj
 0001:000174d0       _invoke_watson             00000001800184d0 f   libucrt:invalid_parameter.obj
 0001:00017518       __acrt_errno_from_os_error 0000000180018518 f   libucrt:errno.obj
 0001:00017560       __acrt_errno_map_os_error  0000000180018560 f   libucrt:errno.obj
 0001:000175a8       __acrt_errno_map_os_error_ptd 00000001800185a8 f   libucrt:errno.obj
 0001:000175cc       __doserrno                 00000001800185cc f   libucrt:errno.obj
 0001:000175ec       _errno                     00000001800185ec f   libucrt:errno.obj
 0001:0001760c       _calloc_base               000000018001860c f   libucrt:calloc_base.obj
 0001:00017698       ??$__acrt_convert_wcs_mbs_cp@D_WV<lambda_7c9dea7b4ca7285d2cdb541a38da6275>@@U__crt_win32_buffer_internal_dynamic_resizing@@@@YAHQEBDAEAV?$__crt_win32_buffer@_WU__crt_win32_buffer_internal_dynamic_resizing@@@@AEBV<lambda_7c9dea7b4ca7285d2cdb541a38da6275>@@I@Z 0000000180018698 f i libucrt:argv_wildcards.obj
 0001:00017814       ??$__acrt_convert_wcs_mbs_cp@_WDV<lambda_d8593a27d1aa8c02be35c86a17d324c4>@@U__crt_win32_buffer_internal_dynamic_resizing@@@@YAHQEB_WAEAV?$__crt_win32_buffer@DU__crt_win32_buffer_internal_dynamic_resizing@@@@AEBV<lambda_d8593a27d1aa8c02be35c86a17d324c4>@@I@Z 0000000180018814 f i libucrt:argv_wildcards.obj
 0001:000180bc       ??0_LocaleUpdate@@QEAA@QEAU__crt_locale_pointers@@@Z 00000001800190bc f i libucrt:argv_wildcards.obj
 0001:00018158       __acrt_expand_narrow_argv_wildcards 0000000180019158 f   libucrt:argv_wildcards.obj
 0001:00018160       ??$__acrt_convert_wcs_mbs_cp@_WDV<lambda_f788ae46380686e8b737efdd8c720d07>@@U__crt_win32_buffer_no_resizing@@@@YAHQEB_WAEAV?$__crt_win32_buffer@DU__crt_win32_buffer_no_resizing@@@@AEBV<lambda_f788ae46380686e8b737efdd8c720d07>@@I@Z 0000000180019160 f i libucrt:getmodulefilenamea.obj
 0001:0001827c       __acrt_GetModuleFileNameA  000000018001927c f   libucrt:getmodulefilenamea.obj
 0001:00018b98       __acrt_initialize_multibyte 0000000180019b98 f   libucrt:mbctype.obj
 0001:00018bf8       __acrt_update_thread_multibyte_data 0000000180019bf8 f   libucrt:mbctype.obj
 0001:00018c14       _setmbcp_nolock            0000000180019c14 f   libucrt:mbctype.obj
 0001:00018f48       _ismbblead                 0000000180019f48 f   libucrt:ismbbyte.obj
 0001:00018f5c       __acrt_initialize_command_line 0000000180019f5c f   libucrt:argv_data.obj
 0001:00018f84       __acrt_MultiByteToWideChar 0000000180019f84 f   libucrt:multibytetowidechar.obj
 0001:00018fe0       __acrt_WideCharToMultiByte 0000000180019fe0 f   libucrt:widechartomultibyte.obj
 0001:00019090       __dcrt_get_narrow_environment_from_os 000000018001a090 f   libucrt:get_environment_from_os.obj
 0001:000191a0       _recalloc_base             000000018001a1a0 f   libucrt:recalloc.obj
 0001:000193f8       __acrt_AppPolicyGetProcessTerminationMethodInternal 000000018001a3f8 f   libucrt:winapi_thunks.obj
 0001:00019450       __acrt_AreFileApisANSI     000000018001a450 f   libucrt:winapi_thunks.obj
 0001:00019494       __acrt_FlsAlloc            000000018001a494 f   libucrt:winapi_thunks.obj
 0001:0001949c       __acrt_FlsFree             000000018001a49c f   libucrt:winapi_thunks.obj
 0001:000194a4       __acrt_FlsGetValue         000000018001a4a4 f   libucrt:winapi_thunks.obj
 0001:000194ac       __acrt_FlsSetValue         000000018001a4ac f   libucrt:winapi_thunks.obj
 0001:000194b4       __acrt_InitializeCriticalSectionEx 000000018001a4b4 f   libucrt:winapi_thunks.obj
 0001:00019524       __acrt_LCMapStringEx       000000018001a524 f   libucrt:winapi_thunks.obj
 0001:00019610       __acrt_LocaleNameToLCID    000000018001a610 f   libucrt:winapi_thunks.obj
 0001:00019670       __acrt_initialize_winapi_thunks 000000018001a670 f   libucrt:winapi_thunks.obj
 0001:00019694       __acrt_uninitialize_winapi_thunks 000000018001a694 f   libucrt:winapi_thunks.obj
 0001:000196d8       __acrt_initialize_heap     000000018001a6d8 f   libucrt:heap_handle.obj
 0001:000196f4       __acrt_uninitialize_heap   000000018001a6f4 f   libucrt:heap_handle.obj
 0001:000198f8       __acrt_initialize_lowio    000000018001a8f8 f   libucrt:ioinit.obj
 0001:00019934       __acrt_uninitialize_lowio  000000018001a934 f   libucrt:ioinit.obj
 0001:00019974       __acrt_execute_initializers 000000018001a974 f   libucrt:shared_initialization.obj
 0001:00019a08       __acrt_execute_uninitializers 000000018001aa08 f   libucrt:shared_initialization.obj
 0001:00019a50       __acrt_initialize_new_handler 000000018001aa50 f   libucrt:new_handler.obj
 0001:00019a58       _callnewh                  000000018001aa58 f   libucrt:new_handler.obj
 0001:00019a94       _query_new_handler         000000018001aa94 f   libucrt:new_handler.obj
 0001:00019b10       __acrt_get_sigabrt_handler 000000018001ab10 f   libucrt:signal.obj
 0001:00019b40       __acrt_initialize_signal_handlers 000000018001ab40 f   libucrt:signal.obj
 0001:00019b60       raise                      000000018001ab60 f   libucrt:signal.obj
 0001:00019de0       __acrt_has_user_matherr    000000018001ade0 f   libucrt:matherr.obj
 0001:00019e00       __acrt_initialize_user_matherr 000000018001ae00 f   libucrt:matherr.obj
 0001:00019e08       __acrt_invoke_user_matherr 000000018001ae08 f   libucrt:matherr.obj
 0001:0001a01c       __acrt_stdio_flush_nolock  000000018001b01c f   libucrt:fflush.obj
 0001:0001a0a8       _fflush_nolock             000000018001b0a8 f   libucrt:fflush.obj
 0001:0001a17c       _flushall                  000000018001b17c f   libucrt:fflush.obj
 0001:0001a184       __acrt_initialize_stdio    000000018001b184 f   libucrt:_file.obj
 0001:0001a2a4       __acrt_uninitialize_stdio  000000018001b2a4 f   libucrt:_file.obj
 0001:0001a300       _lock_file                 000000018001b300 f   libucrt:_file.obj
 0001:0001a30c       _unlock_file               000000018001b30c f   libucrt:_file.obj
 0001:0001a318       _malloc_base               000000018001b318 f   libucrt:malloc_base.obj
 0001:0001a378       strnlen                    000000018001b378 f   libucrt:strnlen.obj
 0001:0001a4c8       wcsnlen                    000000018001b4c8 f   libucrt:strnlen.obj
 0001:0001a6a0       __acrt_update_locale_info  000000018001b6a0 f   libucrt:locale_update.obj
 0001:0001a6d4       __acrt_update_locale_info_explicit 000000018001b6d4 f   libucrt:locale_update.obj
 0001:0001a70c       __acrt_update_multibyte_info 000000018001b70c f   libucrt:locale_update.obj
 0001:0001a740       __acrt_update_multibyte_info_explicit 000000018001b740 f   libucrt:locale_update.obj
 0001:0001b2a8       __acrt_fp_format           000000018001c2a8 f   libucrt:cvt.obj
 0001:0001b590       _wctomb_internal           000000018001c590 f   libucrt:wctomb.obj
 0001:0001b740       _mbtowc_internal           000000018001c740 f   libucrt:mbtowc.obj
 0001:0001b8b8       _fileno                    000000018001c8b8 f   libucrt:fileno.obj
 0001:0001b8e0       _get_printf_count_output   000000018001c8e0 f   libucrt:printf_count_output.obj
 0001:0001b968       __acrt_set_locale_changed  000000018001c968 f   libucrt:wsetlocale.obj
 0001:0001b974       __acrt_uninitialize_locale 000000018001c974 f   libucrt:wsetlocale.obj
 0001:0001b9a4       __pctype_func              000000018001c9a4 f   libucrt:ctype.obj
 0001:0001b9d4       _isctype_l                 000000018001c9d4 f   libucrt:isctype.obj
 0001:0001bc00       _handle_error              000000018001cc00 f   libucrt:libm_error.obj
 0001:0001bd28       _handle_errorf             000000018001cd28 f   libucrt:libm_error.obj
 0001:0001be5c       _handle_nan                000000018001ce5c f   libucrt:libm_error.obj
 0001:0001be90       _get_fpsr                  000000018001ce90 f   libucrt:fpsr.obj
 0001:0001bea0       _set_fpsr                  000000018001cea0 f   libucrt:fpsr.obj
 0001:0001beaa       _fclrf                     000000018001ceaa f   libucrt:fpsr.obj
 0001:0001bebe       _frnd                      000000018001cebe f   libucrt:fpsr.obj
 0001:0001bee0       __acrt_add_locale_ref      000000018001cee0 f   libucrt:locale_refcounting.obj
 0001:0001bf6c       __acrt_free_locale         000000018001cf6c f   libucrt:locale_refcounting.obj
 0001:0001c0e4       __acrt_locale_add_lc_time_reference 000000018001d0e4 f   libucrt:locale_refcounting.obj
 0001:0001c10c       __acrt_locale_free_lc_time_if_unreferenced 000000018001d10c f   libucrt:locale_refcounting.obj
 0001:0001c144       __acrt_locale_release_lc_time_reference 000000018001d144 f   libucrt:locale_refcounting.obj
 0001:0001c16c       __acrt_release_locale_ref  000000018001d16c f   libucrt:locale_refcounting.obj
 0001:0001c214       __acrt_update_thread_locale_data 000000018001d214 f   libucrt:locale_refcounting.obj
 0001:0001c284       _updatetlocinfoEx_nolock   000000018001d284 f   libucrt:locale_refcounting.obj
 0001:0001c2ec       _query_new_mode            000000018001d2ec f   libucrt:new_mode.obj
 0001:0001c300       qsort                      000000018001d300 f   libucrt:qsort.obj
 0001:0001c710       strncpy_s                  000000018001d710 f   libucrt:strncpy_s.obj
 0001:0001c8a0       strpbrk                    000000018001d8a0 f   libucrt:strpbrk.obj
 0001:0001cc68       _mbsdec                    000000018001dc68 f   libucrt:mbsdec.obj
 0001:0001cc70       _mbsdec_l                  000000018001dc70 f   libucrt:mbsdec.obj
[...]
 0002:0000b558       $unwind$_call_matherr      000000018002f558     libucrt:libm_error.obj
 0002:0000b560       $unwind$_handle_error      000000018002f560     libucrt:libm_error.obj
 0002:0000b560       $unwind$_handle_errorf     000000018002f560     libucrt:libm_error.obj
 0002:0000b580       $xdatasym                  000000018002f580     libucrt:fpsr.obj
 0002:0000b588       $unwind$__acrt_update_thread_locale_data 000000018002f588     libucrt:locale_refcounting.obj
 0002:0000b5ac       $unwind$qsort              000000018002f5ac     libucrt:qsort.obj
 0002:0000b5c4       $chain$4$qsort             000000018002f5c4     libucrt:qsort.obj
 0002:0000b5e8       $chain$5$qsort             000000018002f5e8     libucrt:qsort.obj
 0002:0000b5f8       $unwind$strpbrk            000000018002f5f8     libucrt:strpbrk.obj
 0002:0000b608       $unwind$fallbackMethod     000000018002f608     libucrt:strpbrk.obj
 0002:0000b618       $unwind$__acrt_GetStringTypeA 000000018002f618     libucrt:getstringtypea.obj
 0002:0000b640       $unwind$__acrt_LCMapStringA 000000018002f640     libucrt:lcmapstringa.obj
 0002:0000b650       $unwind$?__acrt_LCMapStringA_stat@@YAHPEAU__crt_locale_pointers@@PEB_WKPEBDHPEADHHH@Z 000000018002f650     libucrt:lcmapstringa.obj
 0002:0000b678       $unwind$__acrt_lowio_destroy_handle_array 000000018002f678     libucrt:osfinfo.obj
 0002:0000b688       $unwind$__acrt_lowio_ensure_fh_exists 000000018002f688     libucrt:osfinfo.obj
 0002:0000b6b4       $unwind$_commit            000000018002f6b4     libucrt:commit.obj
 0002:0000b6bc       $unwind$??$?RV<lambda_a37b2b86f63e897a80ea819b0eb08c01>@@AEAV<lambda_38ce7e780aa69e748d6df282ebc68efe>@@V<lambda_99fb1378e971ab6e7edea83e3a7a83a2>@@@?$__crt_seh_guarded_call@H@@QEAAH$$QEAV<lambda_a37b2b86f63e897a80ea819b0eb08c01>@@AEAV<lambda_38ce7e780aa69e748d6df282ebc68efe>@@$$QEAV<lambda_99fb1378e971ab6e7edea83e3a7a83a2>@@@Z 000000018002f6bc     libucrt:commit.obj
 0002:0000b6e0       $unwind$_write_nolock      000000018002f6e0     libucrt:write.obj
 0002:0000b6f8       $unwind$_write_internal    000000018002f6f8     libucrt:write.obj
 0002:0000b728       $unwind$?write_double_translated_ansi_nolock@@YA?AUwrite_result@?A0x17268360@@HQEBDIAEAV__crt_cached_ptd_host@@@Z 000000018002f728     libucrt:write.obj
 0002:0000b750       $ip2state$?write_double_translated_ansi_nolock@@YA?AUwrite_result@?A0x17268360@@HQEBDIAEAV__crt_cached_ptd_host@@@Z 000000018002f750     libucrt:write.obj
 0002:0000b758       $unwind$?write_text_ansi_nolock@@YA?AUwrite_result@?A0x17268360@@HQEBDI@Z 000000018002f758     libucrt:write.obj
 0002:0000b758       $unwind$?write_text_utf16le_nolock@@YA?AUwrite_result@?A0x17268360@@HQEBDI@Z 000000018002f758     libucrt:write.obj
 0002:0000b778       $unwind$?write_text_utf8_nolock@@YA?AUwrite_result@?A0x17268360@@HQEBDI@Z 000000018002f778     libucrt:write.obj
 0002:0000b79c       $unwind$_fcloseall         000000018002f79c     libucrt:closeall.obj
 0002:0000b7c0       $unwind$__acrt_fp_strflt_to_string 000000018002f7c0     libucrt:_fptostr.obj
 0002:0000b7dc       $unwind$__acrt_fltout      000000018002f7dc     libucrt:cfout.obj
 0002:0000b7fc       $unwind$?divide@__crt_strtox@@YA_KAEAUbig_integer@1@AEBU21@@Z 000000018002f7fc     libucrt:cfout.obj
 0002:0000b814       $chain$0$?divide@__crt_strtox@@YA_KAEAUbig_integer@1@AEBU21@@Z 000000018002f814     libucrt:cfout.obj
 0002:0000b828       $chain$1$?divide@__crt_strtox@@YA_KAEAUbig_integer@1@AEBU21@@Z 000000018002f828     libucrt:cfout.obj
 0002:0000b838       $unwind$?__mbsrtowcs_utf8@__crt_mbstring@@YA_KPEA_WPEAPEBD_KPEAU_Mbstatet@@AEAV__crt_cached_ptd_host@@@Z 000000018002f838     libucrt:mbrtowc.obj
 0002:0000b850       $unwind$__acrt_locale_free_monetary 000000018002f850     libucrt:initmon.obj
 0002:0000b858       $unwind$__acrt_locale_free_time 000000018002f858     libucrt:inittime.obj
 0002:0000b868       $unwind$_raise_exc_ex      000000018002f868     libucrt:fpexcept.obj
 0002:0000b87c       $unwind$_putwch_nolock     000000018002f87c     libucrt:putwch.obj
 0002:0000b884       $unwind$?_fclose_nolock_internal@@YAHQEAU_iobuf@@AEAV__crt_cached_ptd_host@@@Z 000000018002f884     libucrt:fclose.obj
 0002:0000b894       $unwind$?_fclose_internal@@YAHQEAU_iobuf@@AEAV__crt_cached_ptd_host@@@Z 000000018002f894     libucrt:fclose.obj
 0002:0000b8b8       $xdatasym                  000000018002f8b8     libucrt:log10.obj
 0002:0000b8c4       $unwind$__acrt_fenv_set_control 000000018002f8c4     libucrt:_fenvutils.obj
 0002:0000b8d4       $unwind$?__mbrtoc32_utf8@__crt_mbstring@@YA_KPEA_UPEBD_KPEAU_Mbstatet@@AEAV__crt_cached_ptd_host@@@Z 000000018002f8d4     libucrt:mbrtoc32.obj
 0002:0000b8f0       $unwind$_close_internal    000000018002f8f0     libucrt:close.obj
 0002:0000b8f8       $unwind$??$?RV<lambda_ad8af0d99a0adf03d037d7dffe354bb5>@@AEAV<lambda_c9ba49e555ba839a7b07aa3fbecb7617>@@V<lambda_2f1ebd5d68526518146ae959c9e734c8>@@@?$__crt_seh_guarded_call@H@@QEAAH$$QEAV<lambda_ad8af0d99a0adf03d037d7dffe354bb5>@@AEAV<lambda_c9ba49e555ba839a7b07aa3fbecb7617>@@$$QEAV<lambda_2f1ebd5d68526518146ae959c9e734c8>@@@Z 000000018002f8f8     libucrt:close.obj
 0002:0000b91c       $unwind$common_control87   000000018002f91c     libucrt:ieee.obj
 0002:0000b948       $unwind$_log_special_common 000000018002f948     libucrt:log_special.obj
 0002:0000b954       $unwind$_IsNonwritableInCurrentImage 000000018002f954     LIBCMT:pesect.obj
 0002:0000b978       $unwind$__GSHandlerCheckCommon 000000018002f978     LIBCMT:gshandler.obj
 0002:0000b980       $xdatasym                  000000018002f980     LIBCMT:amdsecgs.obj
 0002:0000b984       $unwind$__report_securityfailure 000000018002f984     LIBCMT:gs_report.obj
 0002:0000b98c       $unwind$__report_gsfailure 000000018002f98c     LIBCMT:gs_report.obj
 0002:0000b994       $unwind$capture_current_context 000000018002f994     LIBCMT:gs_report.obj
 0002:0000b9a0       $unwind$capture_previous_context 000000018002f9a0     LIBCMT:gs_report.obj
 0002:0000b9b0       $xdatasym                  000000018002f9b0     LIBCMT:chkstk.obj
 0002:0000b9b8       $unwind$strrchr            000000018002f9b8     libvcruntime:strrchr.obj
 0002:0000b9c0       $xdatasym                  000000018002f9c0     libvcruntime:memcmp.obj
 0002:0000bf60       .edata                     000000018002ff60     PhysXCooking_64.exp
 0002:0000bf88       rgpv                       000000018002ff88     PhysXCooking_64.exp
 0002:0000c0a0       rgszName                   00000001800300a0     PhysXCooking_64.exp
 0002:0000c1b8       rgwOrd                     00000001800301b8     PhysXCooking_64.exp
 0002:0000c244       szName                     0000000180030244     PhysXCooking_64.exp
 0002:0000c258       $N00001                    0000000180030258     PhysXCooking_64.exp
 0002:0000c27c       $N00002                    000000018003027c     PhysXCooking_64.exp
 0002:0000c2ab       $N00003                    00000001800302ab     PhysXCooking_64.exp
 0002:0000c2d2       $N00004                    00000001800302d2     PhysXCooking_64.exp
 0002:0000c329       $N00005                    0000000180030329     PhysXCooking_64.exp
 0002:0000c354       $N00006                    0000000180030354     PhysXCooking_64.exp
 0002:0000c37a       $N00007                    000000018003037a     PhysXCooking_64.exp
 0002:0000c399       $N00008                    0000000180030399     PhysXCooking_64.exp
 0002:0000c3cf       $N00009                    00000001800303cf     PhysXCooking_64.exp
 0002:0000c3f7       $N00010                    00000001800303f7     PhysXCooking_64.exp
 0002:0000c41b       $N00011                    000000018003041b     PhysXCooking_64.exp
 0002:0000c442       $N00012                    0000000180030442     PhysXCooking_64.exp
 0002:0000c46b       $N00013                    000000018003046b     PhysXCooking_64.exp
 0002:0000c48a       $N00014                    000000018003048a     PhysXCooking_64.exp
 0002:0000c4bd       $N00015                    00000001800304bd     PhysXCooking_64.exp
 0002:0000c4f3       $N00016                    00000001800304f3     PhysXCooking_64.exp
 0002:0000c52b       $N00017                    000000018003052b     PhysXCooking_64.exp
 0002:0000c55d       $N00018                    000000018003055d     PhysXCooking_64.exp
 0002:0000c589       $N00019                    0000000180030589     PhysXCooking_64.exp
 0002:0000c5c3       $N00020                    00000001800305c3     PhysXCooking_64.exp
 0002:0000c601       $N00021                    0000000180030601     PhysXCooking_64.exp
 0002:0000c63a       $N00022                    000000018003063a     PhysXCooking_64.exp
 0002:0000c662       $N00023                    0000000180030662     PhysXCooking_64.exp
 0002:0000c698       $N00024                    0000000180030698     PhysXCooking_64.exp
 0002:0000c6b4       $N00025                    00000001800306b4     PhysXCooking_64.exp
 0002:0000c6de       $N00026                    00000001800306de     PhysXCooking_64.exp
 0002:0000c71a       $N00027                    000000018003071a     PhysXCooking_64.exp
 0002:0000c755       $N00028                    0000000180030755     PhysXCooking_64.exp
 0002:0000c790       $N00029                    0000000180030790     PhysXCooking_64.exp
 0002:0000c7c5       $N00030                    00000001800307c5     PhysXCooking_64.exp
 0002:0000c801       $N00031                    0000000180030801     PhysXCooking_64.exp
 0002:0000c834       $N00032                    0000000180030834     PhysXCooking_64.exp
 0002:0000c867       $N00033                    0000000180030867     PhysXCooking_64.exp
 0002:0000c8a1       $N00034                    00000001800308a1     PhysXCooking_64.exp
 0002:0000c8db       $N00035                    00000001800308db     PhysXCooking_64.exp
 0002:0000c908       $N00036                    0000000180030908     PhysXCooking_64.exp
 0002:0000c93b       $N00037                    000000018003093b     PhysXCooking_64.exp
 0002:0000c983       $N00038                    0000000180030983     PhysXCooking_64.exp
 0002:0000c9c3       $N00039                    00000001800309c3     PhysXCooking_64.exp
 0002:0000c9f1       $N00040                    00000001800309f1     PhysXCooking_64.exp
 0002:0000ca31       $N00041                    0000000180030a31     PhysXCooking_64.exp
 0002:0000ca72       $N00042                    0000000180030a72     PhysXCooking_64.exp
 0002:0000ca9f       $N00043                    0000000180030a9f     PhysXCooking_64.exp
 0002:0000cadb       $N00044                    0000000180030adb     PhysXCooking_64.exp
 0002:0000cb18       $N00045                    0000000180030b18     PhysXCooking_64.exp
 0002:0000cb48       $N00046                    0000000180030b48     PhysXCooking_64.exp
 0002:0000cb5f       $N00047                    0000000180030b5f     PhysXCooking_64.exp
 0002:0000cb7a       $N00048                    0000000180030b7a     PhysXCooking_64.exp
 0002:0000cb91       $N00049                    0000000180030b91     PhysXCooking_64.exp
 0002:0000cba7       $N00050                    0000000180030ba7     PhysXCooking_64.exp
 0002:0000cbbe       $N00051                    0000000180030bbe     PhysXCooking_64.exp
 0002:0000cbd6       $N00052                    0000000180030bd6     PhysXCooking_64.exp
 0002:0000cbe0       $N00053                    0000000180030be0     PhysXCooking_64.exp
 0002:0000cbf1       $N00054                    0000000180030bf1     PhysXCooking_64.exp
 0002:0000cc03       $N00055                    0000000180030c03     PhysXCooking_64.exp
 0002:0000cc16       $N00056                    0000000180030c16     PhysXCooking_64.exp
 0002:0000cc2c       $N00057                    0000000180030c2c     PhysXCooking_64.exp
 0002:0000cc3f       $N00058                    0000000180030c3f     PhysXCooking_64.exp
 0002:0000cc4b       $N00059                    0000000180030c4b     PhysXCooking_64.exp
 0002:0000cc5f       $N00060                    0000000180030c5f     PhysXCooking_64.exp
 0002:0000cc72       $N00061                    0000000180030c72     PhysXCooking_64.exp
 0002:0000cc82       $N00062                    0000000180030c82     PhysXCooking_64.exp
 0002:0000cc96       $N00063                    0000000180030c96     PhysXCooking_64.exp
 0002:0000ccab       $N00064                    0000000180030cab     PhysXCooking_64.exp
 0002:0000ccc3       $N00065                    0000000180030cc3     PhysXCooking_64.exp
 0002:0000ccd8       $N00066                    0000000180030cd8     PhysXCooking_64.exp
 0002:0000ccf5       $N00067                    0000000180030cf5     PhysXCooking_64.exp
 0002:0000cd16       $N00068                    0000000180030d16     PhysXCooking_64.exp
 0002:0000cd35       $N00069                    0000000180030d35     PhysXCooking_64.exp
 0002:0000cd4a       $N00070                    0000000180030d4a     PhysXCooking_64.exp
 0002:0000d020       .idata$6                   0000000180031020     kernel32:KERNEL32.dll
 0003:00000050       ?prefix@?1??getDimension@UnDecorator@@CA?AVDName@@_N@Z@4UStringLiteral@@A 0000000180032050     libvcruntime:undname.obj
 0003:00000060       ?__vcrt_flsindex@@3KA      0000000180032060     libvcruntime:per_thread_data.obj
 0003:00000080       ?dazSupported@?1??_ctrlfp@@9@9 0000000180032080     libucrt:fpctrl.obj
 0003:00000090       ?__acrt_flsindex@@3KA      0000000180032090     libucrt:per_thread_data.obj
 0003:00000094       ?errno_no_memory@@3HA      0000000180032094     libucrt:errno.obj
 0003:00000098       ?doserrno_no_memory@@3KA   0000000180032098     libucrt:errno.obj
 0003:000002d0       _mbctypes                  00000001800322d0     libucrt:mbctype.obj
 0003:000003e0       _mbcasemaps                00000001800323e0     libucrt:mbctype.obj
 0003:000004e0       ?__rgctypeflag@@3PADA      00000001800324e0     libucrt:mbctype.obj
 0003:000004f0       ?__rgcode_page_info@@3PAUcode_page_info@@A 00000001800324f0     libucrt:mbctype.obj
 0003:00000a10       ?__dcrt_lowio_console_output_handle@@3PEAXEA 0000000180032a10     libucrt:initcon.obj
 0003:00000a18       ?dazSupported@?1??common_control87@@9@9 0000000180032a18     libucrt:ieee.obj
 0003:00000d10       ?maxV3Error@vecMathTests@aos@physx@@3T__m128@@B 0000000180032d10     Cooking.obj
 0003:00000d20       ?minFError@vecMathTests@aos@physx@@3T__m128@@B 0000000180032d20     Cooking.obj
 0003:00000d30       ?maxV4Error@vecMathTests@aos@physx@@3T__m128@@B 0000000180032d30     Cooking.obj
 0003:00000d40       ?minV4Error@vecMathTests@aos@physx@@3T__m128@@B 0000000180032d40     Cooking.obj
 0003:00000d50       ?minV3Error@vecMathTests@aos@physx@@3T__m128@@B 0000000180032d50     Cooking.obj
 0003:00000d60       ?maxFError@vecMathTests@aos@physx@@3T__m128@@B 0000000180032d60     Cooking.obj
 0003:00000d70       ?gCookingDelayLoadHook@@3PEBVPxDelayLoadHook@physx@@EB 0000000180032d70     WindowsCookingDelayLoadHook.obj
 0003:00000dd0       ?__proc_attached@@3HA      0000000180032dd0     LIBCMT:dll_dllmain.obj
 0003:00000df8       ?is_initialized_as_dll@@3_NA 0000000180032df8     LIBCMT:utility.obj
 0003:00000df9       ?module_local_atexit_table_initialized@@3_NA 0000000180032df9     LIBCMT:utility.obj
 0003:00000e00       ?module_local_atexit_table@@3U_onexit_table_t@@A 0000000180032e00     LIBCMT:utility.obj
 0003:00000e18       ?module_local_at_quick_exit_table@@3U_onexit_table_t@@A 0000000180032e18     LIBCMT:utility.obj
 0003:00000e88       ?heap@@3V_HeapManager@@A   0000000180032e88     libvcruntime:undname.obj
 0003:00000eb0       ?__vcrt_startup_thread_ptd@@3U__vcrt_ptd@@A 0000000180032eb0     libvcruntime:per_thread_data.obj
 0003:00000f30       __vcrt_lock_table          0000000180032f30     libvcruntime:locks.obj
 0003:00000f58       __vcrt_locks_initialized   0000000180032f58     libvcruntime:locks.obj
 0003:00000f60       ?module_handles@@3PAPEAUHINSTANCE__@@A 0000000180032f60     libvcruntime:winapi_downlevel.obj
 0003:00000f78       ?function_pointers@@3PAPEAXA 0000000180032f78     libvcruntime:winapi_downlevel.obj
 0003:00000fa0       ?c_termination_complete@@3JA 0000000180032fa0     libucrt:exit.obj
 0003:00000fa8       ?thread_local_exit_callback_func@@3P6AXPEAXK0@ZEA 0000000180032fa8     libucrt:exit.obj
 0003:00000fc0       ?program_name@?1???$common_configure_argv@D@@YAHW4_crt_argv_mode@@@Z@4PADA 0000000180032fc0     libucrt:argv_parsing.obj
 0003:00001120       ?__acrt_lock_table@@3PAU_RTL_CRITICAL_SECTION@@A 0000000180033120     libucrt:locks.obj
 0003:00001350       ?__acrt_locks_initialized@@3IA 0000000180033350     libucrt:locks.obj
 0003:00001358       ?__acrt_invalid_parameter_handler@@3V?$dual_state_global@P6AXPEB_W00I_K@Z@__crt_state_management@@A 0000000180033358     libucrt:invalid_parameter.obj
 0003:00001378       ?fSystemSet@@3HA           0000000180033378     libucrt:mbctype.obj
 0003:0000137c       ?initialized@?1??__acrt_initialize_multibyte@@9@4_NA 000000018003337c     libucrt:mbctype.obj
 0003:000013b0       ?module_handles@@3PAPEAUHINSTANCE__@@A 00000001800333b0     libucrt:winapi_thunks.obj
 0003:00001450       ?encoded_function_pointers@@3PAPEAXA 0000000180033450     libucrt:winapi_thunks.obj
 0003:00001958       ?__acrt_new_handler@@3V?$dual_state_global@P6AH_K@Z@__crt_state_management@@A 0000000180033958     libucrt:new_handler.obj
 0003:00001960       ?ctrlc_action@@3V?$dual_state_global@P6AXH@Z@__crt_state_management@@A 0000000180033960     libucrt:signal.obj
 0003:00001968       ?ctrlbreak_action@@3V?$dual_state_global@P6AXH@Z@__crt_state_management@@A 0000000180033968     libucrt:signal.obj
 0003:00001970       ?abort_action@@3V?$dual_state_global@P6AXH@Z@__crt_state_management@@A 0000000180033970     libucrt:signal.obj
 0003:00001978       ?term_action@@3V?$dual_state_global@P6AXH@Z@__crt_state_management@@A 0000000180033978     libucrt:signal.obj
 0003:00001980       ?user_matherr@@3V?$dual_state_global@P6AHPEAU_exception@@@Z@__crt_state_management@@A 0000000180033980     libucrt:matherr.obj
 0003:000019b0       ?internal_state@?1??_mbtowc_internal@@9@4U_Mbstatet@@A 00000001800339b0     libucrt:mbtowc.obj
 0003:000019b8       ?enable_percent_n@@3_KA    00000001800339b8     libucrt:printf_count_output.obj
 0003:000019c4       ?__acrt_global_new_mode@@3V?$dual_state_global@J@__crt_state_management@@A 00000001800339c4     libucrt:new_mode.obj
 0003:000019d0       ?__acrt_app_type@@3W4_crt_app_type@@A 00000001800339d0     libucrt:report_runtime_error.obj
 0003:000019d8       ?internal_pst@?1??__mbrtoc32_utf8@__crt_mbstring@@YA_KPEA_UPEBD_KPEAU_Mbstatet@@AEAV__crt_cached_ptd_host@@@Z@4U3@A 00000001800339d8     libucrt:mbrtoc32.obj
 0003:000019e0       GS_ExceptionRecord         00000001800339e0     LIBCMT:gs_report.obj
 0003:00001a80       GS_ContextRecord           0000000180033a80     LIBCMT:gs_report.obj
 0005:00000000       _2il0floatpacket$19        0000000180036000     LIBCMT:svml_ssinf4_sse2.obj
 0005:00002200       _vmlsSinHATab              0000000180038200     LIBCMT:svml_s_sin_cout.obj
 0005:00002210       SetSmall                   0000000180038210     libvcruntime:memset.obj
 0005:00002250       SetSmallYmm                0000000180038250     libvcruntime:memset.obj
 0005:00002274       SetSmallYmmNT              0000000180038274     libvcruntime:memset.obj
 0005:00002298       SetSmallXmm                0000000180038298     libvcruntime:memset.obj
 0005:000022c0       MoveSmall                  00000001800382c0     libvcruntime:memcpy.obj
 0005:00002300       MoveSmallYmm               0000000180038300     libvcruntime:memcpy.obj
 0005:00002324       MoveSmallYmmNT             0000000180038324     libvcruntime:memcpy.obj
 0005:00002348       MoveSmallXmm               0000000180038348     libvcruntime:memcpy.obj
 0006:000000a0       $R000000                   00000001800390a0     PhysXCooking.res
 0006:000003d0       $R000330                   00000001800393d0     PhysXCooking.res
